Component: ARM Compiler 5.06 update 6 (build 750) Tool: armlink [4d35ed]

==============================================================================

Section Cross References

    startup_stm32l073xx.o(RESET) refers to startup_stm32l073xx.o(STACK) for __initial_sp
    startup_stm32l073xx.o(RESET) refers to startup_stm32l073xx.o(.text) for Reset_Handler
    startup_stm32l073xx.o(RESET) refers to stm32l0xx_it.o(i.NMI_Handler) for NMI_Handler
    startup_stm32l073xx.o(RESET) refers to stm32l0xx_it.o(i.HardFault_Handler) for HardFault_Handler
    startup_stm32l073xx.o(RESET) refers to stm32l0xx_it.o(i.SVC_Handler) for SVC_Handler
    startup_stm32l073xx.o(RESET) refers to stm32l0xx_it.o(i.PendSV_Handler) for PendSV_Handler
    startup_stm32l073xx.o(RESET) refers to stm32l0xx_it.o(i.SysTick_Handler) for SysTick_Handler
    startup_stm32l073xx.o(RESET) refers to stm32l0xx_it.o(i.WWDG_IRQHandler) for WWDG_IRQHandler
    startup_stm32l073xx.o(RESET) refers to stm32l0xx_it.o(i.RTC_IRQHandler) for RTC_IRQHandler
    startup_stm32l073xx.o(RESET) refers to gpio-board.o(i.EXTI0_1_IRQHandler) for EXTI0_1_IRQHandler
    startup_stm32l073xx.o(RESET) refers to gpio-board.o(i.EXTI2_3_IRQHandler) for EXTI2_3_IRQHandler
    startup_stm32l073xx.o(RESET) refers to gpio-board.o(i.EXTI4_15_IRQHandler) for EXTI4_15_IRQHandler
    startup_stm32l073xx.o(RESET) refers to stm32l0xx_it.o(i.DMA1_Channel2_3_IRQHandler) for DMA1_Channel2_3_IRQHandler
    startup_stm32l073xx.o(RESET) refers to stm32l0xx_it.o(i.USART4_5_IRQHandler) for USART4_5_IRQHandler
    startup_stm32l073xx.o(RESET) refers to stm32l0xx_it.o(i.TIM2_IRQHandler) for TIM2_IRQHandler
    startup_stm32l073xx.o(RESET) refers to stm32l0xx_it.o(i.USART1_IRQHandler) for USART1_IRQHandler
    startup_stm32l073xx.o(RESET) refers to stm32l0xx_it.o(i.USART2_IRQHandler) for USART2_IRQHandler
    startup_stm32l073xx.o(RESET) refers to stm32l0xx_it.o(i.RNG_LPUART1_IRQHandler) for RNG_LPUART1_IRQHandler
    startup_stm32l073xx.o(.text) refers to system_stm32l0xx.o(i.SystemInit) for SystemInit
    startup_stm32l073xx.o(.text) refers to entry.o(.ARM.Collect$$$$00000000) for __main
    system_stm32l0xx.o(i.SystemCoreClockUpdate) refers to uidiv.o(.text) for __aeabi_uidivmod
    system_stm32l0xx.o(i.SystemCoreClockUpdate) refers to system_stm32l0xx.o(.data) for SystemCoreClock
    system_stm32l0xx.o(i.SystemCoreClockUpdate) refers to system_stm32l0xx.o(.constdata) for PLLMulTable
    stm32l0xx_hal.o(i.HAL_DeInit) refers to stm32l0xx_hal.o(i.HAL_MspDeInit) for HAL_MspDeInit
    stm32l0xx_hal.o(i.HAL_Delay) refers to stm32l0xx_hal.o(i.HAL_GetTick) for HAL_GetTick
    stm32l0xx_hal.o(i.HAL_GetTick) refers to stm32l0xx_hal.o(.data) for uwTick
    stm32l0xx_hal.o(i.HAL_IncTick) refers to stm32l0xx_hal.o(.data) for uwTick
    stm32l0xx_hal.o(i.HAL_Init) refers to stm32l0xx_hal.o(i.HAL_InitTick) for HAL_InitTick
    stm32l0xx_hal.o(i.HAL_Init) refers to stm32l0xx_hal.o(i.HAL_MspInit) for HAL_MspInit
    stm32l0xx_hal.o(i.HAL_InitTick) refers to uidiv.o(.text) for __aeabi_uidivmod
    stm32l0xx_hal.o(i.HAL_InitTick) refers to stm32l0xx_hal_cortex.o(i.HAL_SYSTICK_Config) for HAL_SYSTICK_Config
    stm32l0xx_hal.o(i.HAL_InitTick) refers to stm32l0xx_hal_cortex.o(i.HAL_NVIC_SetPriority) for HAL_NVIC_SetPriority
    stm32l0xx_hal.o(i.HAL_InitTick) refers to system_stm32l0xx.o(.data) for SystemCoreClock
    stm32l0xx_hal_adc.o(i.ADC_ConversionStop) refers to stm32l0xx_hal.o(i.HAL_GetTick) for HAL_GetTick
    stm32l0xx_hal_adc.o(i.ADC_DMAConvCplt) refers to stm32l0xx_hal_adc.o(i.HAL_ADC_ConvCpltCallback) for HAL_ADC_ConvCpltCallback
    stm32l0xx_hal_adc.o(i.ADC_DMAError) refers to stm32l0xx_hal_adc.o(i.HAL_ADC_ErrorCallback) for HAL_ADC_ErrorCallback
    stm32l0xx_hal_adc.o(i.ADC_DMAHalfConvCplt) refers to stm32l0xx_hal_adc.o(i.HAL_ADC_ConvHalfCpltCallback) for HAL_ADC_ConvHalfCpltCallback
    stm32l0xx_hal_adc.o(i.ADC_DelayMicroSecond) refers to uidiv.o(.text) for __aeabi_uidivmod
    stm32l0xx_hal_adc.o(i.ADC_DelayMicroSecond) refers to system_stm32l0xx.o(.data) for SystemCoreClock
    stm32l0xx_hal_adc.o(i.ADC_Disable) refers to stm32l0xx_hal.o(i.HAL_GetTick) for HAL_GetTick
    stm32l0xx_hal_adc.o(i.ADC_Enable) refers to stm32l0xx_hal_adc.o(i.ADC_DelayMicroSecond) for ADC_DelayMicroSecond
    stm32l0xx_hal_adc.o(i.ADC_Enable) refers to stm32l0xx_hal.o(i.HAL_GetTick) for HAL_GetTick
    stm32l0xx_hal_adc.o(i.HAL_ADC_ConfigChannel) refers to stm32l0xx_hal_adc.o(i.ADC_DelayMicroSecond) for ADC_DelayMicroSecond
    stm32l0xx_hal_adc.o(i.HAL_ADC_DeInit) refers to stm32l0xx_hal_adc.o(i.ADC_ConversionStop) for ADC_ConversionStop
    stm32l0xx_hal_adc.o(i.HAL_ADC_DeInit) refers to stm32l0xx_hal_adc.o(i.ADC_Disable) for ADC_Disable
    stm32l0xx_hal_adc.o(i.HAL_ADC_DeInit) refers to adc.o(i.HAL_ADC_MspDeInit) for HAL_ADC_MspDeInit
    stm32l0xx_hal_adc.o(i.HAL_ADC_IRQHandler) refers to stm32l0xx_hal_adc.o(i.HAL_ADC_ConvCpltCallback) for HAL_ADC_ConvCpltCallback
[...]

    BuildAttributes$$THM_ISAv3M$S$PE$A:L22$X:L11$S22$IEEE1$IW$USESV6$~STKCKD$USESV7$~SHL$OTIME$ROPI$EBA8$MICROLIB$REQ8$PRES8$EABIv2 0x00000000   Number         0  anon$$obj.o ABSOLUTE
    __ARM_use_no_argv                        0x00000000   Number         0  main.o ABSOLUTE
    _printf_a                                0x00000000   Number         0  stubs.o ABSOLUTE
    _printf_c                                0x00000000   Number         0  stubs.o ABSOLUTE
    _printf_charcount                        0x00000000   Number         0  stubs.o ABSOLUTE
    _printf_d                                0x00000000   Number         0  stubs.o ABSOLUTE
    _printf_e                                0x00000000   Number         0  stubs.o ABSOLUTE
    _printf_f                                0x00000000   Number         0  stubs.o ABSOLUTE
    _printf_flags                            0x00000000   Number         0  stubs.o ABSOLUTE
    _printf_fp_dec                           0x00000000   Number         0  stubs.o ABSOLUTE
    _printf_fp_hex                           0x00000000   Number         0  stubs.o ABSOLUTE
    _printf_g                                0x00000000   Number         0  stubs.o ABSOLUTE
    _printf_i                                0x00000000   Number         0  stubs.o ABSOLUTE
    _printf_int_dec                          0x00000000   Number         0  stubs.o ABSOLUTE
    _printf_l                                0x00000000   Number         0  stubs.o ABSOLUTE
    _printf_lc                               0x00000000   Number         0  stubs.o ABSOLUTE
    _printf_ll                               0x00000000   Number         0  stubs.o ABSOLUTE
    _printf_lld                              0x00000000   Number         0  stubs.o ABSOLUTE
    _printf_lli                              0x00000000   Number         0  stubs.o ABSOLUTE
    _printf_llo                              0x00000000   Number         0  stubs.o ABSOLUTE
    _printf_llu                              0x00000000   Number         0  stubs.o ABSOLUTE
    _printf_llx                              0x00000000   Number         0  stubs.o ABSOLUTE
    _printf_longlong_dec                     0x00000000   Number         0  stubs.o ABSOLUTE
    _printf_longlong_hex                     0x00000000   Number         0  stubs.o ABSOLUTE
    _printf_longlong_oct                     0x00000000   Number         0  stubs.o ABSOLUTE
    _printf_ls                               0x00000000   Number         0  stubs.o ABSOLUTE
    _printf_mbtowc                           0x00000000   Number         0  stubs.o ABSOLUTE
    _printf_n                                0x00000000   Number         0  stubs.o ABSOLUTE
    _printf_o                                0x00000000   Number         0  stubs.o ABSOLUTE
    _printf_p                                0x00000000   Number         0  stubs.o ABSOLUTE
    _printf_percent                          0x00000000   Number         0  stubs.o ABSOLUTE
    _printf_pre_padding                      0x00000000   Number         0  stubs.o ABSOLUTE
    _printf_return_value                     0x00000000   Number         0  stubs.o ABSOLUTE
    _printf_s                                0x00000000   Number         0  stubs.o ABSOLUTE
    _printf_sizespec                         0x00000000   Number         0  stubs.o ABSOLUTE
    _printf_str                              0x00000000   Number         0  stubs.o ABSOLUTE
    _printf_truncate_signed                  0x00000000   Number         0  stubs.o ABSOLUTE
    _printf_truncate_unsigned                0x00000000   Number         0  stubs.o ABSOLUTE
    _printf_u                                0x00000000   Number         0  stubs.o ABSOLUTE
    _printf_wc                               0x00000000   Number         0  stubs.o ABSOLUTE
    _printf_wctomb                           0x00000000   Number         0  stubs.o ABSOLUTE
    _printf_widthprec                        0x00000000   Number         0  stubs.o ABSOLUTE
    _printf_x                                0x00000000   Number         0  stubs.o ABSOLUTE
    __cpp_initialize__aeabi_                  - Undefined Weak Reference
    __cxa_finalize                            - Undefined Weak Reference
    _clock_init                               - Undefined Weak Reference
    _microlib_exit                            - Undefined Weak Reference
    _scanf_longlong                           - Undefined Weak Reference
    _scanf_real                               - Undefined Weak Reference
    _scanf_string                             - Undefined Weak Reference
    __Vectors_Size                           0x000000c0   Number         0  startup_stm32l073xx.o ABSOLUTE
    __Vectors                                0x08000000   Data           4  startup_stm32l073xx.o(RESET)
    __Vectors_End                            0x080000c0   Data           0  startup_stm32l073xx.o(RESET)
    __main                                   0x080000c1   Thumb Code     0  entry.o(.ARM.Collect$$$$00000000)
    _main_stk                                0x080000c1   Thumb Code     0  entry2.o(.ARM.Collect$$$$00000001)
    _main_scatterload                        0x080000c5   Thumb Code     0  entry5.o(.ARM.Collect$$$$00000004)
    __main_after_scatterload                 0x080000c9   Thumb Code     0  entry5.o(.ARM.Collect$$$$00000004)
    _main_clock                              0x080000c9   Thumb Code     0  entry7b.o(.ARM.Collect$$$$00000008)
    _main_cpp_init                           0x080000c9   Thumb Code     0  entry8b.o(.ARM.Collect$$$$0000000A)
    _main_init                               0x080000c9   Thumb Code     0  entry9a.o(.ARM.Collect$$$$0000000B)
    __rt_final_cpp                           0x080000d1   Thumb Code     0  entry10a.o(.ARM.Collect$$$$0000000D)
    __rt_final_exit                          0x080000d1   Thumb Code     0  entry11a.o(.ARM.Collect$$$$0000000F)
    Reset_Handler                            0x080000d5   Thumb Code     8  startup_stm32l073xx.o(.text)
    ADC1_COMP_IRQHandler                     0x080000e7   Thumb Code     0  startup_stm32l073xx.o(.text)
    DMA1_Channel1_IRQHandler                 0x080000e7   Thumb Code     0  startup_stm32l073xx.o(.text)
    DMA1_Channel4_5_6_7_IRQHandler           0x080000e7   Thumb Code     0  startup_stm32l073xx.o(.text)
    FLASH_IRQHandler                         0x080000e7   Thumb Code     0  startup_stm32l073xx.o(.text)
    I2C1_IRQHandler                          0x080000e7   Thumb Code     0  startup_stm32l073xx.o(.text)
    I2C2_IRQHandler                          0x080000e7   Thumb Code     0  startup_stm32l073xx.o(.text)
    I2C3_IRQHandler                          0x080000e7   Thumb Code     0  startup_stm32l073xx.o(.text)
    LCD_IRQHandler                           0x080000e7   Thumb Code     0  startup_stm32l073xx.o(.text)
    LPTIM1_IRQHandler                        0x080000e7   Thumb Code     0  startup_stm32l073xx.o(.text)
    PVD_IRQHandler                           0x080000e7   Thumb Code     0  startup_stm32l073xx.o(.text)
    RCC_CRS_IRQHandler                       0x080000e7   Thumb Code     0  startup_stm32l073xx.o(.text)
    SPI1_IRQHandler                          0x080000e7   Thumb Code     0  startup_stm32l073xx.o(.text)
    SPI2_IRQHandler                          0x080000e7   Thumb Code     0  startup_stm32l073xx.o(.text)
    TIM21_IRQHandler                         0x080000e7   Thumb Code     0  startup_stm32l073xx.o(.text)
    TIM22_IRQHandler                         0x080000e7   Thumb Code     0  startup_stm32l073xx.o(.text)
    TIM3_IRQHandler                          0x080000e7   Thumb Code     0  startup_stm32l073xx.o(.text)
    TIM6_DAC_IRQHandler                      0x080000e7   Thumb Code     0  startup_stm32l073xx.o(.text)
    TIM7_IRQHandler                          0x080000e7   Thumb Code     0  startup_stm32l073xx.o(.text)
    TSC_IRQHandler                           0x080000e7   Thumb Code     0  startup_stm32l073xx.o(.text)
    USB_IRQHandler                           0x080000e7   Thumb Code     0  startup_stm32l073xx.o(.text)
    __aeabi_uidiv                            0x080000f1   Thumb Code     0  uidiv.o(.text)
    __aeabi_uidivmod                         0x080000f1   Thumb Code    44  uidiv.o(.text)
    __aeabi_idiv                             0x0800011d   Thumb Code     0  idiv.o(.text)
    __aeabi_idivmod                          0x0800011d   Thumb Code    40  idiv.o(.text)
    __aeabi_uldivmod                         0x08000145   Thumb Code    96  uldiv.o(.text)
    __aeabi_memcpy                           0x080001a5   Thumb Code    36  memcpya.o(.text)
    __aeabi_memcpy4                          0x080001a5   Thumb Code     0  memcpya.o(.text)
    __aeabi_memcpy8                          0x080001a5   Thumb Code     0  memcpya.o(.text)
    __aeabi_memset                           0x080001c9   Thumb Code    14  memseta.o(.text)
    __aeabi_memset4                          0x080001c9   Thumb Code     0  memseta.o(.text)
    __aeabi_memset8                          0x080001c9   Thumb Code     0  memseta.o(.text)
    __aeabi_memclr                           0x080001d7   Thumb Code     4  memseta.o(.text)
    __aeabi_memclr4                          0x080001d7   Thumb Code     0  memseta.o(.text)
    __aeabi_memclr8                          0x080001d7   Thumb Code     0  memseta.o(.text)
    _memset$wrapper                          0x080001db   Thumb Code    18  memseta.o(.text)
    strstr                                   0x080001ed   Thumb Code    40  strstr.o(.text)
    strlen                                   0x08000215   Thumb Code    14  strlen.o(.text)
    strcmp                                   0x08000223   Thumb Code    28  strcmp.o(.text)
    __aeabi_uread4                           0x0800023f   Thumb Code    20  uread4.o(.text)
    __rt_uread4                              0x0800023f   Thumb Code     0  uread4.o(.text)
    _uread4                                  0x0800023f   Thumb Code     0  uread4.o(.text)
    __aeabi_uwrite4                          0x08000253   Thumb Code    18  uwrite4.o(.text)
    __rt_uwrite4                             0x08000253   Thumb Code     0  uwrite4.o(.text)
    _uwrite4                                 0x08000253   Thumb Code     0  uwrite4.o(.text)
    __0sscanf                                0x08000265   Thumb Code    50  __0sscanf.o(.text)
    _scanf_int                               0x080002a1   Thumb Code   330  _scanf_int.o(.text)
    __aeabi_fadd                             0x080003eb   Thumb Code   162  fadd.o(.text)
    __aeabi_fsub                             0x0800048d   Thumb Code     8  fadd.o(.text)
    __aeabi_frsub                            0x08000495   Thumb Code     8  fadd.o(.text)
    __aeabi_fmul                             0x0800049d   Thumb Code   122  fmul.o(.text)
    __aeabi_fdiv                             0x08000517   Thumb Code   124  fdiv.o(.text)
    __aeabi_dadd                             0x08000595   Thumb Code   328  dadd.o(.text)
    __aeabi_dsub                             0x080006dd   Thumb Code    12  dadd.o(.text)
    __aeabi_drsub                            0x080006e9   Thumb Code    12  dadd.o(.text)
    __aeabi_ddiv                             0x080006f9   Thumb Code   234  ddiv.o(.text)
    __aeabi_ui2f                             0x080007e9   Thumb Code    14  ffltui.o(.text)
    __aeabi_ui2d                             0x080007f9   Thumb Code    24  dfltui.o(.text)
    __aeabi_f2iz                             0x08000815   Thumb Code    50  ffixi.o(.text)
    __aeabi_f2uiz                            0x08000847   Thumb Code    40  ffixui.o(.text)
    __aeabi_d2uiz                            0x08000871   Thumb Code    50  dfixui.o(.text)
    __aeabi_f2d                              0x080008ad   Thumb Code    40  f2d.o(.text)
    __aeabi_llsl                             0x080008d5   Thumb Code    32  llshl.o(.text)
    _ll_shift_l                              0x080008d5   Thumb Code     0  llshl.o(.text)
    __aeabi_llsr                             0x080008f5   Thumb Code    34  llushr.o(.text)
    _ll_ushift_r                             0x080008f5   Thumb Code     0  llushr.o(.text)
    __aeabi_lasr                             0x08000917   Thumb Code    38  llsshr.o(.text)
    _ll_sshift_r                             0x08000917   Thumb Code     0  llsshr.o(.text)
    _chval                                   0x0800093d   Thumb Code    30  _chval.o(.text)
    __vfscanf_char                           0x08000969   Thumb Code    24  scanf_char.o(.text)
    _sgetc                                   0x08000989   Thumb Code    32  _sgetc.o(.text)
    _sbackspace                              0x080009a9   Thumb Code    36  _sgetc.o(.text)
    __I$use$fp                               0x080009cd   Thumb Code     0  iusefp.o(.text)
    _float_round                             0x080009cd   Thumb Code    16  fepilogue.o(.text)
    _float_epilogue                          0x080009dd   Thumb Code   114  fepilogue.o(.text)
    _double_round                            0x08000a4f   Thumb Code    26  depilogue.o(.text)
    _double_epilogue                         0x08000a69   Thumb Code   164  depilogue.o(.text)
    __aeabi_dmul                             0x08000b0d   Thumb Code   202  dmul.o(.text)
    __aeabi_d2ulz                            0x08000bdd   Thumb Code    54  dfixul.o(.text)
    __aeabi_cdrcmple                         0x08000c1d   Thumb Code    38  cdrcmple.o(.text)
    __scatterload                            0x08000c45   Thumb Code    28  init.o(.text)
    __scatterload_rt2                        0x08000c45   Thumb Code     0  init.o(.text)
    isspace                                  0x08000c69   Thumb Code    14  isspace_c.o(.text)
    __vfscanf                                0x08000c79   Thumb Code   812  _scanf.o(.text)
    __ctype_lookup                           0x08000fb1   Thumb Code    32  ctype_c.o(.text)
    __decompress                             0x08000fd5   Thumb Code     0  __dczerorl2.o(.text)
    __decompress1                            0x08000fd5   Thumb Code    86  __dczerorl2.o(.text)
    AdcReadParameter                         0x08001205   Thumb Code   130  adc.o(i.AdcReadParameter)
    BatDisableCharge                         0x08001291   Thumb Code    14  power.o(i.BatDisableCharge)
    BatEnableCharge                          0x080012a5   Thumb Code    16  power.o(i.BatEnableCharge)
    BatteryInit                              0x080012b9   Thumb Code    58  power.o(i.BatteryInit)
    BoardDeInitMcu                           0x080012f9   Thumb Code   356  board.o(i.BoardDeInitMcu)
    BoardInitMcu                             0x08001495   Thumb Code   316  board.o(i.BoardInitMcu)
    CalcCRC16                                0x080015dd   Thumb Code    68  rs485.o(i.CalcCRC16)
    CalcCRC8                                 0x08001629   Thumb Code    62  zeta.o(i.CalcCRC8)
    CheckBattery                             0x08001669   Thumb Code   180  power.o(i.CheckBattery)
    CheckRecharge                            0x08001739   Thumb Code   128  power.o(i.CheckRecharge)
    DMA1_Channel2_3_IRQHandler               0x080017c9   Thumb Code    10  stm32l0xx_it.o(i.DMA1_Channel2_3_IRQHandler)
    EXTI0_1_IRQHandler                       0x080017f9   Thumb Code    16  gpio-board.o(i.EXTI0_1_IRQHandler)
    EXTI2_3_IRQHandler                       0x08001809   Thumb Code    16  gpio-board.o(i.EXTI2_3_IRQHandler)
    EXTI4_15_IRQHandler                      0x08001819   Thumb Code    92  gpio-board.o(i.EXTI4_15_IRQHandler)
    Error_Handler                            0x08001875   Thumb Code    10  main.o(i.Error_Handler)
    FLASH_PageErase                          0x08001889   Thumb Code    42  stm32l0xx_hal_flash_ex.o(i.FLASH_PageErase)
    FLASH_WaitForLastOperation               0x080019ad   Thumb Code   162  stm32l0xx_hal_flash.o(i.FLASH_WaitForLastOperation)
    FlashRead16                              0x08001a55   Thumb Code    36  stmflash.o(i.FlashRead16)
    FlashRead16More                          0x08001a7d   Thumb Code    70  stmflash.o(i.FlashRead16More)
    FlashRead32                              0x08001ac9   Thumb Code    36  stmflash.o(i.FlashRead32)
    FlashReadPage                            0x08001af1   Thumb Code    76  stmflash.o(i.FlashReadPage)
    FlashWrite16                             0x08001b41   Thumb Code   148  stmflash.o(i.FlashWrite16)
    FlashWrite32                             0x08001bd9   Thumb Code   176  stmflash.o(i.FlashWrite32)
    FlashWritePage                           0x08001c8d   Thumb Code   192  stmflash.o(i.FlashWritePage)
    GetLedStates                             0x08001d85   Thumb Code     6  led.o(i.GetLedStates)
    GpsDisable                               0x08001da5   Thumb Code    70  gps.o(i.GpsDisable)
    GpsEnable                                0x08001df5   Thumb Code    14  gps.o(i.GpsEnable)
    GpsGetPosition                           0x08001e09   Thumb Code   462  gps.o(i.GpsGetPosition)
    GpsGetPositionAgain                      0x08002021   Thumb Code    56  gps.o(i.GpsGetPositionAgain)
    GpsInit                                  0x08002095   Thumb Code    66  gps.o(i.GpsInit)
    GpsSet                                   0x080020e1   Thumb Code   208  gps.o(i.GpsSet)
    HAL_ADCEx_Calibration_Start              0x08002225   Thumb Code   216  stm32l0xx_hal_adc_ex.o(i.HAL_ADCEx_Calibration_Start)
    HAL_ADC_ConfigChannel                    0x080022fd   Thumb Code   306  stm32l0xx_hal_adc.o(i.HAL_ADC_ConfigChannel)
    HAL_ADC_GetState                         0x08002445   Thumb Code     6  stm32l0xx_hal_adc.o(i.HAL_ADC_GetState)
    HAL_ADC_GetValue                         0x0800244b   Thumb Code     8  stm32l0xx_hal_adc.o(i.HAL_ADC_GetValue)
    HAL_ADC_Init                             0x08002455   Thumb Code   554  stm32l0xx_hal_adc.o(i.HAL_ADC_Init)
    HAL_ADC_MspDeInit                        0x08002689   Thumb Code    36  adc.o(i.HAL_ADC_MspDeInit)
    HAL_ADC_MspInit                          0x080026b5   Thumb Code    52  adc.o(i.HAL_ADC_MspInit)
    HAL_ADC_PollForConversion                0x080026f1   Thumb Code   232  stm32l0xx_hal_adc.o(i.HAL_ADC_PollForConversion)
    HAL_ADC_Start                            0x080027d9   Thumb Code   114  stm32l0xx_hal_adc.o(i.HAL_ADC_Start)
    HAL_ADC_Stop                             0x08002851   Thumb Code    80  stm32l0xx_hal_adc.o(i.HAL_ADC_Stop)
    HAL_DMA_Abort_IT                         0x080028a1   Thumb Code   174  stm32l0xx_hal_dma.o(i.HAL_DMA_Abort_IT)
    HAL_DMA_IRQHandler                       0x08002955   Thumb Code   792  stm32l0xx_hal_dma.o(i.HAL_DMA_IRQHandler)
    HAL_DMA_Init                             0x08002c71   Thumb Code   390  stm32l0xx_hal_dma.o(i.HAL_DMA_Init)
    HAL_DMA_Start_IT                         0x08002e01   Thumb Code   114  stm32l0xx_hal_dma.o(i.HAL_DMA_Start_IT)
    HAL_Delay                                0x08002e73   Thumb Code    26  stm32l0xx_hal.o(i.HAL_Delay)
    HAL_FLASHEx_Erase                        0x08002e8d   Thumb Code   128  stm32l0xx_hal_flash_ex.o(i.HAL_FLASHEx_Erase)
    HAL_FLASH_GetError                       0x08002f19   Thumb Code     6  stm32l0xx_hal_flash.o(i.HAL_FLASH_GetError)
    HAL_FLASH_Lock                           0x08002f25   Thumb Code    16  stm32l0xx_hal_flash.o(i.HAL_FLASH_Lock)
    HAL_FLASH_Program                        0x08002f39   Thumb Code    72  stm32l0xx_hal_flash.o(i.HAL_FLASH_Program)
    HAL_FLASH_Unlock                         0x08002f89   Thumb Code    54  stm32l0xx_hal_flash.o(i.HAL_FLASH_Unlock)
    HAL_GPIO_DeInit                          0x08002fd5   Thumb Code   266  stm32l0xx_hal_gpio.o(i.HAL_GPIO_DeInit)
    HAL_GPIO_EXTI_Callback                   0x080030fd   Thumb Code    64  gpio-board.o(i.HAL_GPIO_EXTI_Callback)
    HAL_GPIO_EXTI_IRQHandler                 0x08003179   Thumb Code    26  stm32l0xx_hal_gpio.o(i.HAL_GPIO_EXTI_IRQHandler)
    HAL_GPIO_Init                            0x08003199   Thumb Code   472  stm32l0xx_hal_gpio.o(i.HAL_GPIO_Init)
    HAL_GPIO_ReadPin                         0x08003391   Thumb Code    18  stm32l0xx_hal_gpio.o(i.HAL_GPIO_ReadPin)
    HAL_GPIO_TogglePin                       0x080033a3   Thumb Code     8  stm32l0xx_hal_gpio.o(i.HAL_GPIO_TogglePin)
    HAL_GPIO_WritePin                        0x080033ab   Thumb Code    12  stm32l0xx_hal_gpio.o(i.HAL_GPIO_WritePin)
    HAL_GetTick                              0x080033b9   Thumb Code     6  stm32l0xx_hal.o(i.HAL_GetTick)
    HAL_IncTick                              0x080033c5   Thumb Code    12  stm32l0xx_hal.o(i.HAL_IncTick)
    HAL_Init                                 0x080033d5   Thumb Code    28  stm32l0xx_hal.o(i.HAL_Init)
    HAL_InitTick                             0x080033f5   Thumb Code    36  stm32l0xx_hal.o(i.HAL_InitTick)
    HAL_MspInit                              0x0800341d   Thumb Code     2  stm32l0xx_hal.o(i.HAL_MspInit)
    HAL_NVIC_DisableIRQ                      0x08003421   Thumb Code    18  stm32l0xx_hal_cortex.o(i.HAL_NVIC_DisableIRQ)
    HAL_NVIC_EnableIRQ                       0x08003439   Thumb Code    18  stm32l0xx_hal_cortex.o(i.HAL_NVIC_EnableIRQ)
    HAL_NVIC_SetPriority                     0x08003451   Thumb Code    18  stm32l0xx_hal_cortex.o(i.HAL_NVIC_SetPriority)
    HAL_NVIC_SystemReset                     0x08003465   Thumb Code    48  stm32l0xx_hal_cortex.o(i.HAL_NVIC_SystemReset)
    HAL_PWREx_EnableFastWakeUp               0x0800349d   Thumb Code    16  stm32l0xx_hal_pwr_ex.o(i.HAL_PWREx_EnableFastWakeUp)
    HAL_PWREx_EnableUltraLowPower            0x080034b1   Thumb Code    16  stm32l0xx_hal_pwr_ex.o(i.HAL_PWREx_EnableUltraLowPower)
    HAL_PWR_DisablePVD                       0x080034c5   Thumb Code    14  stm32l0xx_hal_pwr.o(i.HAL_PWR_DisablePVD)
    HAL_PWR_EnterSTOPMode                    0x080034d9   Thumb Code    64  stm32l0xx_hal_pwr.o(i.HAL_PWR_EnterSTOPMode)
    HAL_RCCEx_GetPeriphCLKFreq               0x08003521   Thumb Code   866  stm32l0xx_hal_rcc_ex.o(i.HAL_RCCEx_GetPeriphCLKFreq)
    HAL_RCCEx_PeriphCLKConfig                0x080038ad   Thumb Code   672  stm32l0xx_hal_rcc_ex.o(i.HAL_RCCEx_PeriphCLKConfig)
    HAL_RCC_ClockConfig                      0x08003b59   Thumb Code   482  stm32l0xx_hal_rcc.o(i.HAL_RCC_ClockConfig)
    HAL_RCC_GetHCLKFreq                      0x08003d51   Thumb Code     6  stm32l0xx_hal_rcc.o(i.HAL_RCC_GetHCLKFreq)
    HAL_RCC_GetPCLK1Freq                     0x08003d5d   Thumb Code    26  stm32l0xx_hal_rcc.o(i.HAL_RCC_GetPCLK1Freq)
    HAL_RCC_GetPCLK2Freq                     0x08003d81   Thumb Code    26  stm32l0xx_hal_rcc.o(i.HAL_RCC_GetPCLK2Freq)
    HAL_RCC_GetSysClockFreq                  0x08003da5   Thumb Code   206  stm32l0xx_hal_rcc.o(i.HAL_RCC_GetSysClockFreq)
    HAL_RCC_OscConfig                        0x08003e89   Thumb Code  1732  stm32l0xx_hal_rcc.o(i.HAL_RCC_OscConfig)
    HAL_RTCEx_AlarmBEventCallback            0x0800455d   Thumb Code     2  stm32l0xx_hal_rtc_ex.o(i.HAL_RTCEx_AlarmBEventCallback)
    HAL_RTCEx_BKUPRead                       0x0800455f   Thumb Code    18  stm32l0xx_hal_rtc_ex.o(i.HAL_RTCEx_BKUPRead)
    HAL_RTCEx_BKUPWrite                      0x08004571   Thumb Code    18  stm32l0xx_hal_rtc_ex.o(i.HAL_RTCEx_BKUPWrite)
    HAL_RTCEx_DeactivateWakeUpTimer          0x08004583   Thumb Code   174  stm32l0xx_hal_rtc_ex.o(i.HAL_RTCEx_DeactivateWakeUpTimer)
    HAL_RTC_AlarmAEventCallback              0x08004631   Thumb Code    72  stm32l0xx_it.o(i.HAL_RTC_AlarmAEventCallback)
    HAL_RTC_AlarmIRQHandler                  0x080046bd   Thumb Code   124  stm32l0xx_hal_rtc.o(i.HAL_RTC_AlarmIRQHandler)
    HAL_RTC_DeactivateAlarm                  0x08004745   Thumb Code   274  stm32l0xx_hal_rtc.o(i.HAL_RTC_DeactivateAlarm)
    HAL_RTC_GetDate                          0x08004859   Thumb Code    88  stm32l0xx_hal_rtc.o(i.HAL_RTC_GetDate)
    HAL_RTC_GetTime                          0x080048b5   Thumb Code   104  stm32l0xx_hal_rtc.o(i.HAL_RTC_GetTime)
    HAL_RTC_Init                             0x08004921   Thumb Code   196  stm32l0xx_hal_rtc.o(i.HAL_RTC_Init)
    HAL_RTC_MspInit                          0x080049e9   Thumb Code    24  rtc-board.o(i.HAL_RTC_MspInit)
    HAL_RTC_SetAlarm_IT                      0x08004a09   Thumb Code   590  stm32l0xx_hal_rtc.o(i.HAL_RTC_SetAlarm_IT)
    HAL_RTC_SetDate                          0x08004c65   Thumb Code   298  stm32l0xx_hal_rtc.o(i.HAL_RTC_SetDate)
    HAL_RTC_SetTime                          0x08004d95   Thumb Code   336  stm32l0xx_hal_rtc.o(i.HAL_RTC_SetTime)
    HAL_RTC_WaitForSynchro                   0x08004ee9   Thumb Code    60  stm32l0xx_hal_rtc.o(i.HAL_RTC_WaitForSynchro)
    HAL_ResumeTick                           0x08004f25   Thumb Code    14  stm32l0xx_hal.o(i.HAL_ResumeTick)
    HAL_SPI_DeInit                           0x08004f39   Thumb Code    58  stm32l0xx_hal_spi.o(i.HAL_SPI_DeInit)
    HAL_SPI_Init                             0x08004f73   Thumb Code   142  stm32l0xx_hal_spi.o(i.HAL_SPI_Init)
    HAL_SPI_MspDeInit                        0x08005001   Thumb Code    58  spi.o(i.HAL_SPI_MspDeInit)
    HAL_SPI_MspInit                          0x08005045   Thumb Code    88  spi.o(i.HAL_SPI_MspInit)
    HAL_SPI_TransmitReceive                  0x080050a5   Thumb Code   894  stm32l0xx_hal_spi.o(i.HAL_SPI_TransmitReceive)
    HAL_SYSTICK_CLKSourceConfig              0x08005425   Thumb Code    32  stm32l0xx_hal_cortex.o(i.HAL_SYSTICK_CLKSourceConfig)
    HAL_SYSTICK_Callback                     0x08005449   Thumb Code     2  stm32l0xx_hal_cortex.o(i.HAL_SYSTICK_Callback)
    HAL_SYSTICK_Config                       0x0800544d   Thumb Code    46  stm32l0xx_hal_cortex.o(i.HAL_SYSTICK_Config)
    HAL_SYSTICK_IRQHandler                   0x08005485   Thumb Code     8  stm32l0xx_hal_cortex.o(i.HAL_SYSTICK_IRQHandler)
    HAL_SuspendTick                          0x0800548d   Thumb Code    14  stm32l0xx_hal.o(i.HAL_SuspendTick)
    HAL_TIMEx_MasterConfigSynchronization    0x080054a1   Thumb Code    98  stm32l0xx_hal_tim_ex.o(i.HAL_TIMEx_MasterConfigSynchronization)
    HAL_TIM_Base_Init                        0x08005503   Thumb Code    56  stm32l0xx_hal_tim.o(i.HAL_TIM_Base_Init)
    HAL_TIM_Base_MspDeInit                   0x0800553d   Thumb Code    34  timer-board.o(i.HAL_TIM_Base_MspDeInit)
    HAL_TIM_Base_MspInit                     0x08005565   Thumb Code    24  timer-board.o(i.HAL_TIM_Base_MspInit)
    HAL_TIM_Base_Start_IT                    0x08005581   Thumb Code    30  stm32l0xx_hal_tim.o(i.HAL_TIM_Base_Start_IT)
    HAL_TIM_Base_Stop_IT                     0x080055a1   Thumb Code    46  stm32l0xx_hal_tim.o(i.HAL_TIM_Base_Stop_IT)
    HAL_TIM_ConfigClockSource                0x080055d5   Thumb Code   318  stm32l0xx_hal_tim.o(i.HAL_TIM_ConfigClockSource)
    HAL_TIM_IC_CaptureCallback               0x08005713   Thumb Code     2  stm32l0xx_hal_tim.o(i.HAL_TIM_IC_CaptureCallback)
    HAL_TIM_IRQHandler                       0x08005715   Thumb Code   380  stm32l0xx_hal_tim.o(i.HAL_TIM_IRQHandler)
    HAL_TIM_OC_DelayElapsedCallback          0x08005891   Thumb Code     2  stm32l0xx_hal_tim.o(i.HAL_TIM_OC_DelayElapsedCallback)
    HAL_TIM_PWM_PulseFinishedCallback        0x08005893   Thumb Code     2  stm32l0xx_hal_tim.o(i.HAL_TIM_PWM_PulseFinishedCallback)
    HAL_TIM_PeriodElapsedCallback            0x08005895   Thumb Code    52  stm32l0xx_it.o(i.HAL_TIM_PeriodElapsedCallback)
    HAL_TIM_TriggerCallback                  0x080058d5   Thumb Code     2  stm32l0xx_hal_tim.o(i.HAL_TIM_TriggerCallback)
    HAL_UARTEx_WakeupCallback                0x080058d7   Thumb Code     2  stm32l0xx_hal_uart_ex.o(i.HAL_UARTEx_WakeupCallback)
    HAL_UART_AbortReceiveCpltCallback        0x080058d9   Thumb Code     2  stm32l0xx_hal_uart.o(i.HAL_UART_AbortReceiveCpltCallback)
    HAL_UART_AbortReceive_IT                 0x080058dd   Thumb Code   136  stm32l0xx_hal_uart.o(i.HAL_UART_AbortReceive_IT)
    HAL_UART_DeInit                          0x08005969   Thumb Code    76  stm32l0xx_hal_uart.o(i.HAL_UART_DeInit)
    HAL_UART_ErrorCallback                   0x080059b5   Thumb Code     2  stm32l0xx_hal_uart.o(i.HAL_UART_ErrorCallback)
    HAL_UART_GetState                        0x080059b7   Thumb Code    20  stm32l0xx_hal_uart.o(i.HAL_UART_GetState)
    HAL_UART_IRQHandler                      0x080059cd   Thumb Code   444  stm32l0xx_hal_uart.o(i.HAL_UART_IRQHandler)
    HAL_UART_Init                            0x08005b8d   Thumb Code   130  stm32l0xx_hal_uart.o(i.HAL_UART_Init)
    HAL_UART_MspDeInit                       0x08005c11   Thumb Code   124  usart.o(i.HAL_UART_MspDeInit)
    HAL_UART_MspInit                         0x08005ca1   Thumb Code   282  usart.o(i.HAL_UART_MspInit)
    HAL_UART_Receive_DMA                     0x08005ddd   Thumb Code   190  stm32l0xx_hal_uart.o(i.HAL_UART_Receive_DMA)
    HAL_UART_Receive_IT                      0x08005ea9   Thumb Code   230  stm32l0xx_hal_uart.o(i.HAL_UART_Receive_IT)
    HAL_UART_RxCpltCallback                  0x08005f95   Thumb Code   614  usart.o(i.HAL_UART_RxCpltCallback)
    HAL_UART_RxHalfCpltCallback              0x080062c1   Thumb Code     2  stm32l0xx_hal_uart.o(i.HAL_UART_RxHalfCpltCallback)
    HAL_UART_Transmit                        0x080062c3   Thumb Code   240  stm32l0xx_hal_uart.o(i.HAL_UART_Transmit)
    HAL_UART_TxCpltCallback                  0x080063b3   Thumb Code     2  stm32l0xx_hal_uart.o(i.HAL_UART_TxCpltCallback)
    HAL_WWDG_EarlyWakeupCallback             0x080063b5   Thumb Code     2  stm32l0xx_hal_wwdg.o(i.HAL_WWDG_EarlyWakeupCallback)
    HAL_WWDG_IRQHandler                      0x080063b7   Thumb Code    52  stm32l0xx_hal_wwdg.o(i.HAL_WWDG_IRQHandler)
    HAL_WWDG_Refresh                         0x080063eb   Thumb Code    12  stm32l0xx_hal_wwdg.o(i.HAL_WWDG_Refresh)
    HardFault_Handler                        0x080063f9   Thumb Code    14  stm32l0xx_it.o(i.HardFault_Handler)
    LedDisplay                               0x08006439   Thumb Code    42  led.o(i.LedDisplay)
    LedInit                                  0x08006465   Thumb Code    68  led.o(i.LedInit)
    LedOff                                   0x080064b1   Thumb Code    16  led.o(i.LedOff)
    LedOn                                    0x080064c5   Thumb Code    14  led.o(i.LedOn)
    LedRev                                   0x080064d9   Thumb Code    60  led.o(i.LedRev)
    LedSendFail                              0x08006519   Thumb Code    40  led.o(i.LedSendFail)
    LedSendSucess                            0x08006541   Thumb Code    62  led.o(i.LedSendSucess)
    LedToggle                                0x08006585   Thumb Code    14  led.o(i.LedToggle)
    MX_ADC_Init                              0x08006599   Thumb Code    88  adc.o(i.MX_ADC_Init)
    MX_LPUART1_UART_Init                     0x080065f9   Thumb Code    82  usart.o(i.MX_LPUART1_UART_Init)
    MX_USART1_UART_Init                      0x08006659   Thumb Code    84  usart.o(i.MX_USART1_UART_Init)
    MX_USART2_UART_Init                      0x080066b9   Thumb Code    84  usart.o(i.MX_USART2_UART_Init)
    MX_USART5_UART_Init                      0x08006719   Thumb Code   146  usart.o(i.MX_USART5_UART_Init)
    NMEA_Comma_Pos                           0x080067bd   Thumb Code    50  gps.o(i.NMEA_Comma_Pos)
    NMEA_GPGLL_Analysis                      0x080067f1   Thumb Code   518  gps.o(i.NMEA_GPGLL_Analysis)
    NMEA_Pow                                 0x08006a09   Thumb Code    26  gps.o(i.NMEA_Pow)
    NMEA_Str2num                             0x08006a23   Thumb Code   256  gps.o(i.NMEA_Str2num)
    NMI_Handler                              0x08006b23   Thumb Code     2  stm32l0xx_it.o(i.NMI_Handler)
    PendSV_Handler                           0x08006bd5   Thumb Code     2  stm32l0xx_it.o(i.PendSV_Handler)
    RNG_LPUART1_IRQHandler                   0x08006c71   Thumb Code    80  stm32l0xx_it.o(i.RNG_LPUART1_IRQHandler)
    RTC_Bcd2ToByte                           0x08006d75   Thumb Code    26  stm32l0xx_hal_rtc.o(i.RTC_Bcd2ToByte)
    RTC_ByteToBcd2                           0x08006d8f   Thumb Code    26  stm32l0xx_hal_rtc.o(i.RTC_ByteToBcd2)
    RTC_EnterInitMode                        0x08006da9   Thumb Code    66  stm32l0xx_hal_rtc.o(i.RTC_EnterInitMode)
    RTC_IRQHandler                           0x08006ded   Thumb Code    20  stm32l0xx_it.o(i.RTC_IRQHandler)
    RTC_Init                                 0x08006e05   Thumb Code   148  rtc-board.o(i.RTC_Init)
    ReadBattery                              0x08006ea9   Thumb Code   166  power.o(i.ReadBattery)
    Rs485ClsoePin                            0x0800701d   Thumb Code    32  rs485.o(i.Rs485ClsoePin)
    Rs485Cmd                                 0x08007041   Thumb Code   268  rs485.o(i.Rs485Cmd)
    Rs485GetData                             0x08007175   Thumb Code    88  rs485.o(i.Rs485GetData)
    Rs485Init                                0x08007211   Thumb Code    52  rs485.o(i.Rs485Init)
    Rs485OpenPin                             0x0800726d   Thumb Code    50  rs485.o(i.Rs485OpenPin)
    Rs485PinInit                             0x080072a5   Thumb Code   116  rs485.o(i.Rs485PinInit)
    Rs485Print                               0x08007325   Thumb Code    56  rs485.o(i.Rs485Print)
    RtcvRtcCalibrate                         0x0800739d   Thumb Code   170  rtc-board.o(i.RtcvRtcCalibrate)
    SPI1_Init                                0x08007459   Thumb Code    68  spi.o(i.SPI1_Init)
    SVC_Handler                              0x080075d5   Thumb Code     2  stm32l0xx_it.o(i.SVC_Handler)
    SensorsInit                              0x08009515   Thumb Code    64  sensor.o(i.SensorsInit)
    SetLedStates                             0x0800958d   Thumb Code     6  led.o(i.SetLedStates)
    SetRtcAlarm                              0x08009599   Thumb Code   234  rtc-board.o(i.SetRtcAlarm)
    SpiFlashInit                             0x080096e9   Thumb Code    70  user_spi_flash.o(i.SpiFlashInit)
    SpiFlashPowerDown                        0x08009735   Thumb Code    36  user_spi_flash.o(i.SpiFlashPowerDown)
    SpiFlashSendByte                         0x08009759   Thumb Code    36  user_spi_flash.o(i.SpiFlashSendByte)
    String_Conversion                        0x08009785   Thumb Code    54  user-app.o(i.String_Conversion)
    SysTick_Handler                          0x080097c1   Thumb Code    22  stm32l0xx_it.o(i.SysTick_Handler)
    SystemClockConfig                        0x080097dd   Thumb Code   172  board.o(i.SystemClockConfig)
    SystemClockReConfig                      0x0800988d   Thumb Code   136  board.o(i.SystemClockReConfig)
    SystemInit                               0x0800991d   Thumb Code    88  system_stm32l0xx.o(i.SystemInit)
    TIM2_IRQHandler                          0x08009985   Thumb Code    10  stm32l0xx_it.o(i.TIM2_IRQHandler)
    TimerHwInit                              0x08009abd   Thumb Code    96  timer-board.o(i.TimerHwInit)
    UART_AdvFeatureConfig                    0x08009b25   Thumb Code   240  stm32l0xx_hal_uart.o(i.UART_AdvFeatureConfig)
    UART_CheckIdleState                      0x08009c15   Thumb Code   112  stm32l0xx_hal_uart.o(i.UART_CheckIdleState)
    UART_SetConfig                           0x08009e59   Thumb Code   954  stm32l0xx_hal_uart.o(i.UART_SetConfig)
    UART_WaitOnFlagUntilTimeout              0x0800a2bb   Thumb Code   112  stm32l0xx_hal_uart.o(i.UART_WaitOnFlagUntilTimeout)
    USART1_IRQHandler                        0x0800a32d   Thumb Code    80  stm32l0xx_it.o(i.USART1_IRQHandler)
    USART2_IRQHandler                        0x0800a385   Thumb Code    80  stm32l0xx_it.o(i.USART2_IRQHandler)
    USART4_5_IRQHandler                      0x0800a3dd   Thumb Code   128  stm32l0xx_it.o(i.USART4_5_IRQHandler)
    UserCheckCmd                             0x0800a469   Thumb Code   208  user-app.o(i.UserCheckCmd)
    UserCheckSensors                         0x0800a571   Thumb Code    88  user-app.o(i.UserCheckSensors)
    UserDownCommand                          0x0800a5e5   Thumb Code   760  user-app.o(i.UserDownCommand)
    UserGetAddID                             0x0800a92d   Thumb Code   122  user-app.o(i.UserGetAddID)
    UserGetBoardInformat                     0x0800a9cd   Thumb Code   100  user-app.o(i.UserGetBoardInformat)
    UserIntoLowPower                         0x0800ab09   Thumb Code    60  user-app.o(i.UserIntoLowPower)
    UserReadFlash                            0x0800ab81   Thumb Code   238  user-app.o(i.UserReadFlash)
    UserSend                                 0x0800acc5   Thumb Code   152  user-app.o(i.UserSend)
    UserSendGps                              0x0800ad9d   Thumb Code   388  user-app.o(i.UserSendGps)
    UserSendSensor                           0x0800b001   Thumb Code   470  user-app.o(i.UserSendSensor)
    UserSetHeart                             0x0800b215   Thumb Code   158  user-app.o(i.UserSetHeart)
    UserWakupWdg                             0x0800b2d1   Thumb Code    30  user-app.o(i.UserWakupWdg)
    WWDG_IRQHandler                          0x0800b2f5   Thumb Code    50  stm32l0xx_it.o(i.WWDG_IRQHandler)
    WakeupZetaDisable                        0x0800b33d   Thumb Code    30  zeta.o(i.WakeupZetaDisable)
    WakeupZetaEnable                         0x0800b361   Thumb Code    30  zeta.o(i.WakeupZetaEnable)
    ZetaDownCommand                          0x0800b385   Thumb Code   260  zeta.o(i.ZetaDownCommand)
    ZetaInit                                 0x0800b4d5   Thumb Code   188  zeta.o(i.ZetaInit)
    ZetaInterrupt                            0x0800b5a1   Thumb Code    24  zeta.o(i.ZetaInterrupt)
    ZetaPowerOff                             0x0800b5c9   Thumb Code    18  zeta.o(i.ZetaPowerOff)
    ZetaPowerOn                              0x0800b5db   Thumb Code    16  zeta.o(i.ZetaPowerOn)
    ZetaRecv                                 0x0800b5ed   Thumb Code   576  zeta.o(i.ZetaRecv)
    ZetaSend                                 0x0800b875   Thumb Code    26  zeta.o(i.ZetaSend)
    ZetaStatus                               0x0800b899   Thumb Code    12  zeta.o(i.ZetaStatus)
    _12VPowerOff                             0x0800b8a9   Thumb Code    28  rs485.o(i._12VPowerOff)
    _12VPowerOn                              0x0800b8c9   Thumb Code    26  rs485.o(i._12VPowerOn)
    __0printf                                0x0800b8e9   Thumb Code    24  printfa.o(i.__0printf)
    __1printf                                0x0800b8e9   Thumb Code     0  printfa.o(i.__0printf)
    __2printf                                0x0800b8e9   Thumb Code     0  printfa.o(i.__0printf)
    __c89printf                              0x0800b8e9   Thumb Code     0  printfa.o(i.__0printf)
    printf                                   0x0800b8e9   Thumb Code     0  printfa.o(i.__0printf)
    __ARM_clz                                0x0800b909   Thumb Code    46  depilogue.o(i.__ARM_clz)
    __ARM_common_ll_muluu                    0x0800b937   Thumb Code    48  stm32l0xx_hal_uart.o(i.__ARM_common_ll_muluu)
    __ARM_common_switch8                     0x0800b967   Thumb Code    28  stm32l0xx_hal_tim.o(i.__ARM_common_switch8)
    __scatterload_copy                       0x0800b983   Thumb Code    14  handlers.o(i.__scatterload_copy)
    __scatterload_null                       0x0800b991   Thumb Code     2  handlers.o(i.__scatterload_null)
    __scatterload_zeroinit                   0x0800b993   Thumb Code    14  handlers.o(i.__scatterload_zeroinit)
    fputc                                    0x0800c24d   Thumb Code    20  usart.o(i.fputc)
    main                                     0x0800c269   Thumb Code   182  main.o(i.main)
    memcpy1                                  0x0800c32d   Thumb Code    24  rs485.o(i.memcpy1)
    AHBPrescTable                            0x0800c344   Data          16  system_stm32l0xx.o(.constdata)
    APBPrescTable                            0x0800c354   Data           8  system_stm32l0xx.o(.constdata)
    PLLMulTable                              0x0800c35c   Data           9  system_stm32l0xx.o(.constdata)
    Gps                                      0x0800c368   Data          24  gps.o(.constdata)
    BAUD_id                                  0x0800c380   Data          36  gps.o(.constdata)
    ZetaHandle                               0x0800c42c   Data          44  zeta.o(.constdata)
    __ctype_categories                       0x0800c466   Data          64  ctype_c.o(.constdata)
    Region$$Table$$Base                      0x0800cf6c   Number         0  anon$$obj.o(Region$$Table)
    Region$$Table$$Limit                     0x0800cf8c   Number         0  anon$$obj.o(Region$$Table)
    SystemCoreClock                          0x20000000   Data           4  system_stm32l0xx.o(.data)
    uwTick                                   0x20000004   Data           4  stm32l0xx_hal.o(.data)
    LedStates                                0x20000008   Data           1  led.o(.data)
    WdgTime                                  0x2000000a   Data           2  wwdg.o(.data)
    McuInitialized                           0x2000000c   Data           1  board.o(.data)
    CheckRs485s                              0x20000010   Data        1840  sensor.o(.data)
    SendBufsCounter                          0x20000740   Data           1  sensor.o(.data)
    OpenExpendBoxbuff                        0x20000741   Data          10  sensor.o(.data)
    ExpendBoxbuff                            0x2000074b   Data           9  sensor.o(.data)
    SetGpsAck                                0x20000754   Data          84  gps.o(.data)
    Timer2_Counter                           0x200007a8   Data           4  stm32l0xx_it.o(.data)
    TimerOverTime                            0x200007ac   Data           4  stm32l0xx_it.o(.data)
    UpSeqCounter                             0x200007b0   Data           2  user-app.o(.data)
    UserZetaCheck                            0x200007b4   Data          48  user-app.o(.data)
    ZetaRecviceBuf                           0x200007f0   Data          72  zeta.o(.data)
    ZetaSendBuf                              0x20000838   Data          72  zeta.o(.data)
    __stdout                                 0x20000880   Data           4  stdout.o(.data)
    pFlash                                   0x20000884   Data          24  stm32l0xx_hal_flash.o(.bss)
    huart1                                   0x2000089c   Data         112  usart.o(.bss)
    huart2                                   0x2000090c   Data         112  usart.o(.bss)
    huart5                                   0x2000097c   Data         112  usart.o(.bss)
    hlpuart1                                 0x200009ec   Data         112  usart.o(.bss)
    UART_RX_DATA1                            0x20000a5c   Data         528  usart.o(.bss)
    UART_RX_DATA2                            0x20000c6c   Data         528  usart.o(.bss)
    UART_RX_DATA5                            0x20000e7c   Data         528  usart.o(.bss)
    UART_RX_LPUART1                          0x2000108c   Data         528  usart.o(.bss)
    hdma_usart5_rx                           0x2000129c   Data          64  usart.o(.bss)
    RtcHandle                                0x200012dc   Data          36  rtc-board.o(.bss)
    hadc                                     0x20001300   Data          96  adc.o(.bss)
    hwwdg                                    0x20001360   Data          20  wwdg.o(.bss)
    htim2                                    0x20001374   Data          56  timer-board.o(.bss)
    hspi1                                    0x200013ac   Data          88  spi.o(.bss)
    hdma_spi1_tx                             0x20001404   Data          64  spi.o(.bss)
    hdma_spi1_rx                             0x20001444   Data          64  spi.o(.bss)
    Rs485s                                   0x20001484   Data         164  rs485.o(.bss)
    SaveRs485s                               0x20001528   Data        1593  sensor.o(.bss)
    SendBufs                                 0x20001b61   Data        1010  sensor.o(.bss)
    Sensors                                  0x20001f54   Data          52  sensor.o(.bss)
    gpsx                                     0x20001f88   Data         166  gps.o(.bss)
    User                                     0x20002030   Data          12  user-app.o(.bss)
    __initial_sp                             0x20002460   Data           0  startup_stm32l073xx.o(STACK)



==============================================================================

Memory Map of the image

  Image Entry point : 0x080000c1

  Load Region LR_IROM1 (Base: 0x08000000, Size: 0x0000d810, Max: 0x00020000, ABSOLUTE, COMPRESSED[0x0000d0e8])

    Execution Region ER_IROM1 (Exec base: 0x08000000, Load base: 0x08000000, Size: 0x0000cf8c, Max: 0x00020000, ABSOLUTE)

    Exec Addr    Load Addr    Size         Type   Attr      Idx    E Section Name        Object

    0x08000000   0x08000000   0x000000c0   Data   RO            3    RESET               startup_stm32l073xx.o
    0x080000c0   0x080000c0   0x00000000   Code   RO         5705  * .ARM.Collect$$$$00000000  mc_p.l(entry.o)
    0x080000c0   0x080000c0   0x00000004   Code   RO         6017    .ARM.Collect$$$$00000001  mc_p.l(entry2.o)
    0x080000c4   0x080000c4   0x00000004   Code   RO         6020    .ARM.Collect$$$$00000004  mc_p.l(entry5.o)
    0x080000c8   0x080000c8   0x00000000   Code   RO         6022    .ARM.Collect$$$$00000008  mc_p.l(entry7b.o)
    0x080000c8   0x080000c8   0x00000000   Code   RO         6024    .ARM.Collect$$$$0000000A  mc_p.l(entry8b.o)
    0x080000c8   0x080000c8   0x00000008   Code   RO         6025    .ARM.Collect$$$$0000000B  mc_p.l(entry9a.o)
    0x080000d0   0x080000d0   0x00000000   Code   RO         6027    .ARM.Collect$$$$0000000D  mc_p.l(entry10a.o)
    0x080000d0   0x080000d0   0x00000000   Code   RO         6029    .ARM.Collect$$$$0000000F  mc_p.l(entry11a.o)
    0x080000d0   0x080000d0   0x00000004   Code   RO         6018    .ARM.Collect$$$$00002712  mc_p.l(entry2.o)
    0x080000d4   0x080000d4   0x0000001c   Code   RO            4    .text               startup_stm32l073xx.o
    0x080000f0   0x080000f0   0x0000002c   Code   RO         5708    .text               mc_p.l(uidiv.o)
    0x0800011c   0x0800011c   0x00000028   Code   RO         5710    .text               mc_p.l(idiv.o)
    0x08000144   0x08000144   0x00000060   Code   RO         5712    .text               mc_p.l(uldiv.o)
    0x080001a4   0x080001a4   0x00000024   Code   RO         5714    .text               mc_p.l(memcpya.o)
    0x080001c8   0x080001c8   0x00000024   Code   RO         5716    .text               mc_p.l(memseta.o)
    0x080001ec   0x080001ec   0x00000028   Code   RO         5718    .text               mc_p.l(strstr.o)
    0x08000214   0x08000214   0x0000000e   Code   RO         5720    .text               mc_p.l(strlen.o)
    0x08000222   0x08000222   0x0000001c   Code   RO         5722    .text               mc_p.l(strcmp.o)
    0x0800023e   0x0800023e   0x00000014   Code   RO         5987    .text               mc_p.l(uread4.o)
    0x08000252   0x08000252   0x00000012   Code   RO         5989    .text               mc_p.l(uwrite4.o)
    0x08000264   0x08000264   0x0000003c   Code   RO         5991    .text               mc_p.l(__0sscanf.o)
    0x080002a0   0x080002a0   0x0000014a   Code   RO         5993    .text               mc_p.l(_scanf_int.o)
    0x080003ea   0x080003ea   0x000000b2   Code   RO         5995    .text               mf_p.l(fadd.o)
    0x0800049c   0x0800049c   0x0000007a   Code   RO         5997    .text               mf_p.l(fmul.o)
    0x08000516   0x08000516   0x0000007c   Code   RO         5999    .text               mf_p.l(fdiv.o)
    0x08000592   0x08000592   0x00000002   PAD
    0x08000594   0x08000594   0x00000164   Code   RO         6001    .text               mf_p.l(dadd.o)
    0x080006f8   0x080006f8   0x000000f0   Code   RO         6003    .text               mf_p.l(ddiv.o)
    0x080007e8   0x080007e8   0x0000000e   Code   RO         6005    .text               mf_p.l(ffltui.o)
    0x080007f6   0x080007f6   0x00000002   PAD
    0x080007f8   0x080007f8   0x0000001c   Code   RO         6007    .text               mf_p.l(dfltui.o)
    0x08000814   0x08000814   0x00000032   Code   RO         6009    .text               mf_p.l(ffixi.o)
    0x08000846   0x08000846   0x00000028   Code   RO         6011    .text               mf_p.l(ffixui.o)
    0x0800086e   0x0800086e   0x00000002   PAD
    0x08000870   0x08000870   0x0000003c   Code   RO         6013    .text               mf_p.l(dfixui.o)
    0x080008ac   0x080008ac   0x00000028   Code   RO         6015    .text               mf_p.l(f2d.o)
    0x080008d4   0x080008d4   0x00000020   Code   RO         6032    .text               mc_p.l(llshl.o)
    0x080008f4   0x080008f4   0x00000022   Code   RO         6034    .text               mc_p.l(llushr.o)
    0x08000916   0x08000916   0x00000026   Code   RO         6036    .text               mc_p.l(llsshr.o)
    0x0800093c   0x0800093c   0x0000001e   Code   RO         6038    .text               mc_p.l(_chval.o)
    0x0800095a   0x0800095a   0x00000002   PAD
    0x0800095c   0x0800095c   0x0000002c   Code   RO         6040    .text               mc_p.l(scanf_char.o)
    0x08000988   0x08000988   0x00000044   Code   RO         6042    .text               mc_p.l(_sgetc.o)
    0x080009cc   0x080009cc   0x00000000   Code   RO         6044    .text               mc_p.l(iusefp.o)
    0x080009cc   0x080009cc   0x00000082   Code   RO         6045    .text               mf_p.l(fepilogue.o)
    0x08000a4e   0x08000a4e   0x000000be   Code   RO         6047    .text               mf_p.l(depilogue.o)
    0x08000b0c   0x08000b0c   0x000000d0   Code   RO         6051    .text               mf_p.l(dmul.o)
    0x08000bdc   0x08000bdc   0x00000040   Code   RO         6053    .text               mf_p.l(dfixul.o)
    0x08000c1c   0x08000c1c   0x00000028   Code   RO         6055    .text               mf_p.l(cdrcmple.o)
    0x08000c44   0x08000c44   0x00000024   Code   RO         6057    .text               mc_p.l(init.o)
    0x08000c68   0x08000c68   0x0000000e   Code   RO         6059    .text               mc_p.l(isspace_c.o)
    0x08000c76   0x08000c76   0x00000002   PAD
    0x08000c78   0x08000c78   0x00000338   Code   RO         6061    .text               mc_p.l(_scanf.o)
    0x08000fb0   0x08000fb0   0x00000024   Code   RO         6063    .text               mc_p.l(ctype_c.o)
    0x08000fd4   0x08000fd4   0x00000056   Code   RO         6074    .text               mc_p.l(__dczerorl2.o)
    0x0800102a   0x0800102a   0x0000006c   Code   RO          395    i.ADC_ConversionStop  stm32l0xx_hal_adc.o
    0x08001096   0x08001096   0x00000002   PAD
    0x08001098   0x08001098   0x0000002c   Code   RO          399    i.ADC_DelayMicroSecond  stm32l0xx_hal_adc.o
    0x080010c4   0x080010c4   0x0000009c   Code   RO          400    i.ADC_Disable       stm32l0xx_hal_adc.o
    0x08001160   0x08001160   0x000000a4   Code   RO          401    i.ADC_Enable        stm32l0xx_hal_adc.o
    0x08001204   0x08001204   0x0000008c   Code   RO         4458    i.AdcReadParameter  adc.o
    0x08001290   0x08001290   0x00000014   Code   RO         4522    i.BatDisableCharge  power.o
    0x080012a4   0x080012a4   0x00000014   Code   RO         4523    i.BatEnableCharge   power.o
    0x080012b8   0x080012b8   0x00000040   Code   RO         4524    i.BatteryInit       power.o
    0x080012f8   0x080012f8   0x0000019c   Code   RO         4897    i.BoardDeInitMcu    board.o
    0x08001494   0x08001494   0x00000148   Code   RO         4899    i.BoardInitMcu      board.o
    0x080015dc   0x080015dc   0x0000004c   Code   RO         5034    i.CalcCRC16         rs485.o
    0x08001628   0x08001628   0x0000003e   Code   RO         5614    i.CalcCRC8          zeta.o
    0x08001666   0x08001666   0x00000002   PAD
    0x08001668   0x08001668   0x000000d0   Code   RO         4525    i.CheckBattery      power.o
    0x08001738   0x08001738   0x00000090   Code   RO         4526    i.CheckRecharge     power.o
    0x080017c8   0x080017c8   0x00000010   Code   RO         5378    i.DMA1_Channel2_3_IRQHandler  stm32l0xx_it.o
    0x080017d8   0x080017d8   0x00000020   Code   RO          830    i.DMA_SetConfig     stm32l0xx_hal_dma.o
    0x080017f8   0x080017f8   0x00000010   Code   RO         4420    i.EXTI0_1_IRQHandler  gpio-board.o
    0x08001808   0x08001808   0x00000010   Code   RO         4421    i.EXTI2_3_IRQHandler  gpio-board.o
    0x08001818   0x08001818   0x0000005c   Code   RO         4422    i.EXTI4_15_IRQHandler  gpio-board.o
    0x08001874   0x08001874   0x00000014   Code   RO         5350    i.Error_Handler     main.o
    0x08001888   0x08001888   0x00000034   Code   RO         1015    i.FLASH_PageErase   stm32l0xx_hal_flash_ex.o
    0x080018bc   0x080018bc   0x000000f0   Code   RO          909    i.FLASH_SetErrorCode  stm32l0xx_hal_flash.o
    0x080019ac   0x080019ac   0x000000a8   Code   RO          910    i.FLASH_WaitForLastOperation  stm32l0xx_hal_flash.o
    0x08001a54   0x08001a54   0x00000028   Code   RO         4950    i.FlashRead16       stmflash.o
    0x08001a7c   0x08001a7c   0x0000004c   Code   RO         4951    i.FlashRead16More   stmflash.o
    0x08001ac8   0x08001ac8   0x00000028   Code   RO         4952    i.FlashRead32       stmflash.o
    0x08001af0   0x08001af0   0x00000050   Code   RO         4955    i.FlashReadPage     stmflash.o
    0x08001b40   0x08001b40   0x00000098   Code   RO         4956    i.FlashWrite16      stmflash.o
    0x08001bd8   0x08001bd8   0x000000b4   Code   RO         4957    i.FlashWrite32      stmflash.o
    0x08001c8c   0x08001c8c   0x000000f8   Code   RO         4958    i.FlashWritePage    stmflash.o
    0x08001d84   0x08001d84   0x0000000c   Code   RO         4573    i.GetLedStates      led.o
    0x08001d90   0x08001d90   0x00000014   Code   RO         5120    i.GetRs485Type      sensor.o
    0x08001da4   0x08001da4   0x00000050   Code   RO         5219    i.GpsDisable        gps.o
    0x08001df4   0x08001df4   0x00000014   Code   RO         5220    i.GpsEnable         gps.o
    0x08001e08   0x08001e08   0x00000218   Code   RO         5221    i.GpsGetPosition    gps.o
    0x08002020   0x08002020   0x00000074   Code   RO         5222    i.GpsGetPositionAgain  gps.o
    0x08002094   0x08002094   0x0000004c   Code   RO         5223    i.GpsInit           gps.o
    0x080020e0   0x080020e0   0x00000144   Code   RO         5224    i.GpsSet            gps.o
    0x08002224   0x08002224   0x000000d8   Code   RO          578    i.HAL_ADCEx_Calibration_Start  stm32l0xx_hal_adc_ex.o
    0x080022fc   0x080022fc   0x00000148   Code   RO          403    i.HAL_ADC_ConfigChannel  stm32l0xx_hal_adc.o
    0x08002444   0x08002444   0x00000006   Code   RO          409    i.HAL_ADC_GetState  stm32l0xx_hal_adc.o
    0x0800244a   0x0800244a   0x00000008   Code   RO          410    i.HAL_ADC_GetValue  stm32l0xx_hal_adc.o
    0x08002452   0x08002452   0x00000002   PAD
    0x08002454   0x08002454   0x00000234   Code   RO          412    i.HAL_ADC_Init      stm32l0xx_hal_adc.o
    0x08002688   0x08002688   0x0000002c   Code   RO         4459    i.HAL_ADC_MspDeInit  adc.o
    0x080026b4   0x080026b4   0x0000003c   Code   RO         4460    i.HAL_ADC_MspInit   adc.o
    0x080026f0   0x080026f0   0x000000e8   Code   RO          416    i.HAL_ADC_PollForConversion  stm32l0xx_hal_adc.o
    0x080027d8   0x080027d8   0x00000078   Code   RO          418    i.HAL_ADC_Start     stm32l0xx_hal_adc.o
    0x08002850   0x08002850   0x00000050   Code   RO          421    i.HAL_ADC_Stop      stm32l0xx_hal_adc.o
    0x080028a0   0x080028a0   0x000000b4   Code   RO          832    i.HAL_DMA_Abort_IT  stm32l0xx_hal_dma.o
    0x08002954   0x08002954   0x0000031c   Code   RO          836    i.HAL_DMA_IRQHandler  stm32l0xx_hal_dma.o
    0x08002c70   0x08002c70   0x00000190   Code   RO          837    i.HAL_DMA_Init      stm32l0xx_hal_dma.o
    0x08002e00   0x08002e00   0x00000072   Code   RO          840    i.HAL_DMA_Start_IT  stm32l0xx_hal_dma.o
    0x08002e72   0x08002e72   0x0000001a   Code   RO          233    i.HAL_Delay         stm32l0xx_hal.o
    0x08002e8c   0x08002e8c   0x0000008c   Code   RO         1024    i.HAL_FLASHEx_Erase  stm32l0xx_hal_flash_ex.o
    0x08002f18   0x08002f18   0x0000000c   Code   RO          912    i.HAL_FLASH_GetError  stm32l0xx_hal_flash.o
    0x08002f24   0x08002f24   0x00000014   Code   RO          914    i.HAL_FLASH_Lock    stm32l0xx_hal_flash.o
    0x08002f38   0x08002f38   0x00000050   Code   RO          919    i.HAL_FLASH_Program  stm32l0xx_hal_flash.o
    0x08002f88   0x08002f88   0x0000004c   Code   RO          921    i.HAL_FLASH_Unlock  stm32l0xx_hal_flash.o
    0x08002fd4   0x08002fd4   0x00000128   Code   RO         1229    i.HAL_GPIO_DeInit   stm32l0xx_hal_gpio.o
    0x080030fc   0x080030fc   0x0000007c   Code   RO         4423    i.HAL_GPIO_EXTI_Callback  gpio-board.o
    0x08003178   0x08003178   0x00000020   Code   RO         1231    i.HAL_GPIO_EXTI_IRQHandler  stm32l0xx_hal_gpio.o
    0x08003198   0x08003198   0x000001f8   Code   RO         1232    i.HAL_GPIO_Init     stm32l0xx_hal_gpio.o
    0x08003390   0x08003390   0x00000012   Code   RO         1234    i.HAL_GPIO_ReadPin  stm32l0xx_hal_gpio.o
    0x080033a2   0x080033a2   0x00000008   Code   RO         1235    i.HAL_GPIO_TogglePin  stm32l0xx_hal_gpio.o
    0x080033aa   0x080033aa   0x0000000c   Code   RO         1236    i.HAL_GPIO_WritePin  stm32l0xx_hal_gpio.o
    0x080033b6   0x080033b6   0x00000002   PAD
    0x080033b8   0x080033b8   0x0000000c   Code   RO          237    i.HAL_GetTick       stm32l0xx_hal.o
    0x080033c4   0x080033c4   0x00000010   Code   RO          238    i.HAL_IncTick       stm32l0xx_hal.o
    0x080033d4   0x080033d4   0x00000020   Code   RO          239    i.HAL_Init          stm32l0xx_hal.o
    0x080033f4   0x080033f4   0x00000028   Code   RO          240    i.HAL_InitTick      stm32l0xx_hal.o
    0x0800341c   0x0800341c   0x00000002   Code   RO          242    i.HAL_MspInit       stm32l0xx_hal.o
    0x0800341e   0x0800341e   0x00000002   PAD
    0x08003420   0x08003420   0x00000018   Code   RO          634    i.HAL_NVIC_DisableIRQ  stm32l0xx_hal_cortex.o
    0x08003438   0x08003438   0x00000018   Code   RO          635    i.HAL_NVIC_EnableIRQ  stm32l0xx_hal_cortex.o
    0x08003450   0x08003450   0x00000012   Code   RO          639    i.HAL_NVIC_SetPriority  stm32l0xx_hal_cortex.o
    0x08003462   0x08003462   0x00000002   PAD
    0x08003464   0x08003464   0x00000038   Code   RO          640    i.HAL_NVIC_SystemReset  stm32l0xx_hal_cortex.o
    0x0800349c   0x0800349c   0x00000014   Code   RO         1884    i.HAL_PWREx_EnableFastWakeUp  stm32l0xx_hal_pwr_ex.o
    0x080034b0   0x080034b0   0x00000014   Code   RO         1886    i.HAL_PWREx_EnableUltraLowPower  stm32l0xx_hal_pwr_ex.o
    0x080034c4   0x080034c4   0x00000014   Code   RO         1768    i.HAL_PWR_DisablePVD  stm32l0xx_hal_pwr.o
    0x080034d8   0x080034d8   0x00000048   Code   RO         1779    i.HAL_PWR_EnterSTOPMode  stm32l0xx_hal_pwr.o
    0x08003520   0x08003520   0x0000038c   Code   RO         2049    i.HAL_RCCEx_GetPeriphCLKFreq  stm32l0xx_hal_rcc_ex.o
    0x080038ac   0x080038ac   0x000002ac   Code   RO         2052    i.HAL_RCCEx_PeriphCLKConfig  stm32l0xx_hal_rcc_ex.o
    0x08003b58   0x08003b58   0x000001f8   Code   RO         1938    i.HAL_RCC_ClockConfig  stm32l0xx_hal_rcc.o
    0x08003d50   0x08003d50   0x0000000c   Code   RO         1942    i.HAL_RCC_GetHCLKFreq  stm32l0xx_hal_rcc.o
    0x08003d5c   0x08003d5c   0x00000024   Code   RO         1944    i.HAL_RCC_GetPCLK1Freq  stm32l0xx_hal_rcc.o
    0x08003d80   0x08003d80   0x00000024   Code   RO         1945    i.HAL_RCC_GetPCLK2Freq  stm32l0xx_hal_rcc.o
    0x08003da4   0x08003da4   0x000000e4   Code   RO         1946    i.HAL_RCC_GetSysClockFreq  stm32l0xx_hal_rcc.o
    0x08003e88   0x08003e88   0x000006d4   Code   RO         1949    i.HAL_RCC_OscConfig  stm32l0xx_hal_rcc.o
    0x0800455c   0x0800455c   0x00000002   Code   RO         2296    i.HAL_RTCEx_AlarmBEventCallback  stm32l0xx_hal_rtc_ex.o
    0x0800455e   0x0800455e   0x00000012   Code   RO         2297    i.HAL_RTCEx_BKUPRead  stm32l0xx_hal_rtc_ex.o
    0x08004570   0x08004570   0x00000012   Code   RO         2298    i.HAL_RTCEx_BKUPWrite  stm32l0xx_hal_rtc_ex.o
    0x08004582   0x08004582   0x000000ae   Code   RO         2303    i.HAL_RTCEx_DeactivateWakeUpTimer  stm32l0xx_hal_rtc_ex.o
    0x08004630   0x08004630   0x0000008c   Code   RO         5380    i.HAL_RTC_AlarmAEventCallback  stm32l0xx_it.o
    0x080046bc   0x080046bc   0x00000088   Code   RO         2163    i.HAL_RTC_AlarmIRQHandler  stm32l0xx_hal_rtc.o
    0x08004744   0x08004744   0x00000112   Code   RO         2165    i.HAL_RTC_DeactivateAlarm  stm32l0xx_hal_rtc.o
    0x08004856   0x08004856   0x00000002   PAD
    0x08004858   0x08004858   0x0000005c   Code   RO         2167    i.HAL_RTC_GetDate   stm32l0xx_hal_rtc.o
    0x080048b4   0x080048b4   0x0000006c   Code   RO         2169    i.HAL_RTC_GetTime   stm32l0xx_hal_rtc.o
    0x08004920   0x08004920   0x000000c8   Code   RO         2170    i.HAL_RTC_Init      stm32l0xx_hal_rtc.o
    0x080049e8   0x080049e8   0x00000020   Code   RO         4306    i.HAL_RTC_MspInit   rtc-board.o
    0x08004a08   0x08004a08   0x0000025c   Code   RO         2175    i.HAL_RTC_SetAlarm_IT  stm32l0xx_hal_rtc.o
    0x08004c64   0x08004c64   0x00000130   Code   RO         2176    i.HAL_RTC_SetDate   stm32l0xx_hal_rtc.o
    0x08004d94   0x08004d94   0x00000154   Code   RO         2177    i.HAL_RTC_SetTime   stm32l0xx_hal_rtc.o
    0x08004ee8   0x08004ee8   0x0000003c   Code   RO         2178    i.HAL_RTC_WaitForSynchro  stm32l0xx_hal_rtc.o
    0x08004f24   0x08004f24   0x00000014   Code   RO          243    i.HAL_ResumeTick    stm32l0xx_hal.o
    0x08004f38   0x08004f38   0x0000003a   Code   RO         2523    i.HAL_SPI_DeInit    stm32l0xx_hal_spi.o
    0x08004f72   0x08004f72   0x0000008e   Code   RO         2528    i.HAL_SPI_Init      stm32l0xx_hal_spi.o
    0x08005000   0x08005000   0x00000044   Code   RO         4737    i.HAL_SPI_MspDeInit  spi.o
    0x08005044   0x08005044   0x00000060   Code   RO         4738    i.HAL_SPI_MspInit   spi.o
    0x080050a4   0x080050a4   0x0000037e   Code   RO         2537    i.HAL_SPI_TransmitReceive  stm32l0xx_hal_spi.o
    0x08005422   0x08005422   0x00000002   PAD
    0x08005424   0x08005424   0x00000024   Code   RO          641    i.HAL_SYSTICK_CLKSourceConfig  stm32l0xx_hal_cortex.o
    0x08005448   0x08005448   0x00000002   Code   RO          642    i.HAL_SYSTICK_Callback  stm32l0xx_hal_cortex.o
    0x0800544a   0x0800544a   0x00000002   PAD
    0x0800544c   0x0800544c   0x00000038   Code   RO          643    i.HAL_SYSTICK_Config  stm32l0xx_hal_cortex.o
    0x08005484   0x08005484   0x00000008   Code   RO          644    i.HAL_SYSTICK_IRQHandler  stm32l0xx_hal_cortex.o
    0x0800548c   0x0800548c   0x00000014   Code   RO          248    i.HAL_SuspendTick   stm32l0xx_hal.o
    0x080054a0   0x080054a0   0x00000062   Code   RO         3390    i.HAL_TIMEx_MasterConfigSynchronization  stm32l0xx_hal_tim_ex.o
    0x08005502   0x08005502   0x00000038   Code   RO         2757    i.HAL_TIM_Base_Init  stm32l0xx_hal_tim.o
    0x0800553a   0x0800553a   0x00000002   PAD
    0x0800553c   0x0800553c   0x00000028   Code   RO         4699    i.HAL_TIM_Base_MspDeInit  timer-board.o
    0x08005564   0x08005564   0x0000001c   Code   RO         4700    i.HAL_TIM_Base_MspInit  timer-board.o
    0x08005580   0x08005580   0x0000001e   Code   RO         2762    i.HAL_TIM_Base_Start_IT  stm32l0xx_hal_tim.o
    0x0800559e   0x0800559e   0x00000002   PAD
    0x080055a0   0x080055a0   0x00000034   Code   RO         2765    i.HAL_TIM_Base_Stop_IT  stm32l0xx_hal_tim.o
    0x080055d4   0x080055d4   0x0000013e   Code   RO         2766    i.HAL_TIM_ConfigClockSource  stm32l0xx_hal_tim.o
    0x08005712   0x08005712   0x00000002   Code   RO         2786    i.HAL_TIM_IC_CaptureCallback  stm32l0xx_hal_tim.o
    0x08005714   0x08005714   0x0000017c   Code   RO         2799    i.HAL_TIM_IRQHandler  stm32l0xx_hal_tim.o
    0x08005890   0x08005890   0x00000002   Code   RO         2802    i.HAL_TIM_OC_DelayElapsedCallback  stm32l0xx_hal_tim.o
    0x08005892   0x08005892   0x00000002   Code   RO         2829    i.HAL_TIM_PWM_PulseFinishedCallback  stm32l0xx_hal_tim.o
    0x08005894   0x08005894   0x00000040   Code   RO         5381    i.HAL_TIM_PeriodElapsedCallback  stm32l0xx_it.o
    0x080058d4   0x080058d4   0x00000002   Code   RO         2840    i.HAL_TIM_TriggerCallback  stm32l0xx_hal_tim.o
    0x080058d6   0x080058d6   0x00000002   Code   RO         3772    i.HAL_UARTEx_WakeupCallback  stm32l0xx_hal_uart_ex.o
    0x080058d8   0x080058d8   0x00000002   Code   RO         3428    i.HAL_UART_AbortReceiveCpltCallback  stm32l0xx_hal_uart.o
    0x080058da   0x080058da   0x00000002   PAD
    0x080058dc   0x080058dc   0x0000008c   Code   RO         3429    i.HAL_UART_AbortReceive_IT  stm32l0xx_hal_uart.o
    0x08005968   0x08005968   0x0000004c   Code   RO         3437    i.HAL_UART_DeInit   stm32l0xx_hal_uart.o
    0x080059b4   0x080059b4   0x00000002   Code   RO         3438    i.HAL_UART_ErrorCallback  stm32l0xx_hal_uart.o
    0x080059b6   0x080059b6   0x00000014   Code   RO         3440    i.HAL_UART_GetState  stm32l0xx_hal_uart.o
    0x080059ca   0x080059ca   0x00000002   PAD
    0x080059cc   0x080059cc   0x000001c0   Code   RO         3441    i.HAL_UART_IRQHandler  stm32l0xx_hal_uart.o
    0x08005b8c   0x08005b8c   0x00000082   Code   RO         3442    i.HAL_UART_Init     stm32l0xx_hal_uart.o
    0x08005c0e   0x08005c0e   0x00000002   PAD
    0x08005c10   0x08005c10   0x00000090   Code   RO         4138    i.HAL_UART_MspDeInit  usart.o
    0x08005ca0   0x08005ca0   0x0000013c   Code   RO         4139    i.HAL_UART_MspInit  usart.o
    0x08005ddc   0x08005ddc   0x000000cc   Code   RO         3446    i.HAL_UART_Receive_DMA  stm32l0xx_hal_uart.o
    0x08005ea8   0x08005ea8   0x000000ec   Code   RO         3447    i.HAL_UART_Receive_IT  stm32l0xx_hal_uart.o
    0x08005f94   0x08005f94   0x0000032c   Code   RO         4140    i.HAL_UART_RxCpltCallback  usart.o
    0x080062c0   0x080062c0   0x00000002   Code   RO         3449    i.HAL_UART_RxHalfCpltCallback  stm32l0xx_hal_uart.o
    0x080062c2   0x080062c2   0x000000f0   Code   RO         3450    i.HAL_UART_Transmit  stm32l0xx_hal_uart.o
    0x080063b2   0x080063b2   0x00000002   Code   RO         3453    i.HAL_UART_TxCpltCallback  stm32l0xx_hal_uart.o
    0x080063b4   0x080063b4   0x00000002   Code   RO         4094    i.HAL_WWDG_EarlyWakeupCallback  stm32l0xx_hal_wwdg.o
    0x080063b6   0x080063b6   0x00000034   Code   RO         4095    i.HAL_WWDG_IRQHandler  stm32l0xx_hal_wwdg.o
    0x080063ea   0x080063ea   0x0000000c   Code   RO         4098    i.HAL_WWDG_Refresh  stm32l0xx_hal_wwdg.o
    0x080063f6   0x080063f6   0x00000002   PAD
    0x080063f8   0x080063f8   0x00000040   Code   RO         5382    i.HardFault_Handler  stm32l0xx_it.o
    0x08006438   0x08006438   0x0000002a   Code   RO         4574    i.LedDisplay        led.o
    0x08006462   0x08006462   0x00000002   PAD
    0x08006464   0x08006464   0x0000004c   Code   RO         4575    i.LedInit           led.o
    0x080064b0   0x080064b0   0x00000014   Code   RO         4576    i.LedOff            led.o
    0x080064c4   0x080064c4   0x00000014   Code   RO         4577    i.LedOn             led.o
    0x080064d8   0x080064d8   0x00000040   Code   RO         4578    i.LedRev            led.o
    0x08006518   0x08006518   0x00000028   Code   RO         4579    i.LedSendFail       led.o
    0x08006540   0x08006540   0x00000044   Code   RO         4580    i.LedSendSucess     led.o
    0x08006584   0x08006584   0x00000014   Code   RO         4581    i.LedToggle         led.o
    0x08006598   0x08006598   0x00000060   Code   RO         4461    i.MX_ADC_Init       adc.o
    0x080065f8   0x080065f8   0x00000060   Code   RO         4141    i.MX_LPUART1_UART_Init  usart.o
    0x08006658   0x08006658   0x00000060   Code   RO         4142    i.MX_USART1_UART_Init  usart.o
    0x080066b8   0x080066b8   0x00000060   Code   RO         4143    i.MX_USART2_UART_Init  usart.o
    0x08006718   0x08006718   0x000000a4   Code   RO         4144    i.MX_USART5_UART_Init  usart.o
    0x080067bc   0x080067bc   0x00000032   Code   RO         5226    i.NMEA_Comma_Pos    gps.o
    0x080067ee   0x080067ee   0x00000002   PAD
    0x080067f0   0x080067f0   0x00000218   Code   RO         5231    i.NMEA_GPGLL_Analysis  gps.o
    0x08006a08   0x08006a08   0x0000001a   Code   RO         5233    i.NMEA_Pow          gps.o
    0x08006a22   0x08006a22   0x00000100   Code   RO         5234    i.NMEA_Str2num      gps.o
    0x08006b22   0x08006b22   0x00000002   Code   RO         5383    i.NMI_Handler       stm32l0xx_it.o
    0x08006b24   0x08006b24   0x00000078   Code   RO          645    i.NVIC_SetPriority  stm32l0xx_hal_cortex.o
    0x08006b9c   0x08006b9c   0x00000038   Code   RO         5121    i.OpenExpenBox      sensor.o
    0x08006bd4   0x08006bd4   0x00000002   Code   RO         5384    i.PendSV_Handler    stm32l0xx_it.o
    0x08006bd6   0x08006bd6   0x00000002   PAD
    0x08006bd8   0x08006bd8   0x00000098   Code   RO         1950    i.RCC_SetFlashLatencyFromMSIRange  stm32l0xx_hal_rcc.o
    0x08006c70   0x08006c70   0x00000058   Code   RO         5385    i.RNG_LPUART1_IRQHandler  stm32l0xx_it.o
    0x08006cc8   0x08006cc8   0x000000ac   Code   RO         5122    i.RS485CmdPackage   sensor.o
    0x08006d74   0x08006d74   0x0000001a   Code   RO         2179    i.RTC_Bcd2ToByte    stm32l0xx_hal_rtc.o
    0x08006d8e   0x08006d8e   0x0000001a   Code   RO         2180    i.RTC_ByteToBcd2    stm32l0xx_hal_rtc.o
    0x08006da8   0x08006da8   0x00000042   Code   RO         2181    i.RTC_EnterInitMode  stm32l0xx_hal_rtc.o
    0x08006dea   0x08006dea   0x00000002   PAD
    0x08006dec   0x08006dec   0x00000018   Code   RO         5386    i.RTC_IRQHandler    stm32l0xx_it.o
    0x08006e04   0x08006e04   0x000000a4   Code   RO         4307    i.RTC_Init          rtc-board.o
    0x08006ea8   0x08006ea8   0x00000174   Code   RO         4527    i.ReadBattery       power.o
    0x0800701c   0x0800701c   0x00000024   Code   RO         5035    i.Rs485ClsoePin     rs485.o
    0x08007040   0x08007040   0x00000134   Code   RO         5036    i.Rs485Cmd          rs485.o
    0x08007174   0x08007174   0x0000009c   Code   RO         5037    i.Rs485GetData      rs485.o
    0x08007210   0x08007210   0x0000005c   Code   RO         5038    i.Rs485Init         rs485.o
    0x0800726c   0x0800726c   0x00000038   Code   RO         5039    i.Rs485OpenPin      rs485.o
    0x080072a4   0x080072a4   0x00000080   Code   RO         5040    i.Rs485PinInit      rs485.o
    0x08007324   0x08007324   0x00000078   Code   RO         5041    i.Rs485Print        rs485.o
    0x0800739c   0x0800739c   0x000000bc   Code   RO         4308    i.RtcvRtcCalibrate  rtc-board.o
    0x08007458   0x08007458   0x00000064   Code   RO         4739    i.SPI1_Init         spi.o
    0x080074bc   0x080074bc   0x00000118   Code   RO         2558    i.SPI_WaitOnFlagUntilTimeout  stm32l0xx_hal_spi.o
    0x080075d4   0x080075d4   0x00000002   Code   RO         5387    i.SVC_Handler       stm32l0xx_it.o
    0x080075d6   0x080075d6   0x00000002   PAD
    0x080075d8   0x080075d8   0x00000018   Code   RO         5123    i.SensorCheckHandle  sensor.o
    0x080075f0   0x080075f0   0x0000066c   Code   RO         5124    i.SensorDataProces  sensor.o
    0x08007c5c   0x08007c5c   0x000005b0   Code   RO         5125    i.SensorExpBoxAddr  sensor.o
    0x0800820c   0x0800820c   0x00000544   Code   RO         5126    i.SensorExpenData   sensor.o
    0x08008750   0x08008750   0x000004a0   Code   RO         5127    i.SensorExpenSigle  sensor.o
    0x08008bf0   0x08008bf0   0x00000058   Code   RO         5128    i.SensorExpendBoxLive  sensor.o
    0x08008c48   0x08008c48   0x0000003c   Code   RO         5129    i.SensorGetData     sensor.o
    0x08008c84   0x08008c84   0x00000078   Code   RO         5130    i.SensorHandle      sensor.o
    0x08008cfc   0x08008cfc   0x0000033c   Code   RO         5131    i.SensorMaBoxData   sensor.o
    0x08009038   0x08009038   0x00000068   Code   RO         5132    i.SensorQueryPinStaus  sensor.o
    0x080090a0   0x080090a0   0x00000474   Code   RO         5133    i.SensorQueryType   sensor.o
    0x08009514   0x08009514   0x00000078   Code   RO         5134    i.SensorsInit       sensor.o
    0x0800958c   0x0800958c   0x0000000c   Code   RO         4583    i.SetLedStates      led.o
    0x08009598   0x08009598   0x00000150   Code   RO         4309    i.SetRtcAlarm       rtc-board.o
    0x080096e8   0x080096e8   0x0000004c   Code   RO         4796    i.SpiFlashInit      user_spi_flash.o
    0x08009734   0x08009734   0x00000024   Code   RO         4798    i.SpiFlashPowerDown  user_spi_flash.o
    0x08009758   0x08009758   0x0000002c   Code   RO         4802    i.SpiFlashSendByte  user_spi_flash.o
    0x08009784   0x08009784   0x0000003c   Code   RO         5496    i.String_Conversion  user-app.o
    0x080097c0   0x080097c0   0x0000001c   Code   RO         5388    i.SysTick_Handler   stm32l0xx_it.o
    0x080097dc   0x080097dc   0x000000b0   Code   RO         4900    i.SystemClockConfig  board.o
    0x0800988c   0x0800988c   0x00000090   Code   RO         4901    i.SystemClockReConfig  board.o
    0x0800991c   0x0800991c   0x00000068   Code   RO           13    i.SystemInit        system_stm32l0xx.o
    0x08009984   0x08009984   0x00000010   Code   RO         5389    i.TIM2_IRQHandler   stm32l0xx_it.o
    0x08009994   0x08009994   0x00000084   Code   RO         2841    i.TIM_Base_SetConfig  stm32l0xx_hal_tim.o
    0x08009a18   0x08009a18   0x0000001e   Code   RO         2848    i.TIM_ETR_SetConfig  stm32l0xx_hal_tim.o
    0x08009a36   0x08009a36   0x0000001a   Code   RO         2849    i.TIM_ITRx_SetConfig  stm32l0xx_hal_tim.o
    0x08009a50   0x08009a50   0x00000036   Code   RO         2855    i.TIM_TI1_ConfigInputStage  stm32l0xx_hal_tim.o
    0x08009a86   0x08009a86   0x00000036   Code   RO         2857    i.TIM_TI2_ConfigInputStage  stm32l0xx_hal_tim.o
    0x08009abc   0x08009abc   0x00000068   Code   RO         4701    i.TimerHwInit       timer-board.o
    0x08009b24   0x08009b24   0x000000f0   Code   RO         3455    i.UART_AdvFeatureConfig  stm32l0xx_hal_uart.o
    0x08009c14   0x08009c14   0x00000074   Code   RO         3456    i.UART_CheckIdleState  stm32l0xx_hal_uart.o
    0x08009c88   0x08009c88   0x00000018   Code   RO         3457    i.UART_DMAAbortOnError  stm32l0xx_hal_uart.o
    0x08009ca0   0x08009ca0   0x00000056   Code   RO         3458    i.UART_DMAError     stm32l0xx_hal_uart.o
    0x08009cf6   0x08009cf6   0x0000004c   Code   RO         3459    i.UART_DMAReceiveCplt  stm32l0xx_hal_uart.o
    0x08009d42   0x08009d42   0x0000000e   Code   RO         3461    i.UART_DMARxHalfCplt  stm32l0xx_hal_uart.o
    0x08009d50   0x08009d50   0x00000020   Code   RO         3462    i.UART_DMARxOnlyAbortCallback  stm32l0xx_hal_uart.o
    0x08009d70   0x08009d70   0x00000022   Code   RO         3467    i.UART_EndRxTransfer  stm32l0xx_hal_uart.o
    0x08009d92   0x08009d92   0x00000020   Code   RO         3468    i.UART_EndTransmit_IT  stm32l0xx_hal_uart.o
    0x08009db2   0x08009db2   0x00000014   Code   RO         3469    i.UART_EndTxTransfer  stm32l0xx_hal_uart.o
    0x08009dc6   0x08009dc6   0x00000090   Code   RO         3470    i.UART_Receive_IT   stm32l0xx_hal_uart.o
    0x08009e56   0x08009e56   0x00000002   PAD
    0x08009e58   0x08009e58   0x000003f0   Code   RO         3471    i.UART_SetConfig    stm32l0xx_hal_uart.o
    0x0800a248   0x0800a248   0x00000072   Code   RO         3472    i.UART_Transmit_IT  stm32l0xx_hal_uart.o
    0x0800a2ba   0x0800a2ba   0x00000070   Code   RO         3473    i.UART_WaitOnFlagUntilTimeout  stm32l0xx_hal_uart.o
    0x0800a32a   0x0800a32a   0x00000002   PAD
    0x0800a32c   0x0800a32c   0x00000058   Code   RO         5390    i.USART1_IRQHandler  stm32l0xx_it.o
    0x0800a384   0x0800a384   0x00000058   Code   RO         5391    i.USART2_IRQHandler  stm32l0xx_it.o
    0x0800a3dc   0x0800a3dc   0x0000008c   Code   RO         5392    i.USART4_5_IRQHandler  stm32l0xx_it.o
    0x0800a468   0x0800a468   0x00000108   Code   RO         5497    i.UserCheckCmd      user-app.o
    0x0800a570   0x0800a570   0x00000074   Code   RO         5498    i.UserCheckSensors  user-app.o
    0x0800a5e4   0x0800a5e4   0x00000348   Code   RO         5500    i.UserDownCommand   user-app.o
    0x0800a92c   0x0800a92c   0x000000a0   Code   RO         5501    i.UserGetAddID      user-app.o
    0x0800a9cc   0x0800a9cc   0x0000013c   Code   RO         5502    i.UserGetBoardInformat  user-app.o
    0x0800ab08   0x0800ab08   0x00000078   Code   RO         5503    i.UserIntoLowPower  user-app.o
    0x0800ab80   0x0800ab80   0x00000144   Code   RO         5504    i.UserReadFlash     user-app.o
    0x0800acc4   0x0800acc4   0x000000d8   Code   RO         5505    i.UserSend          user-app.o
    0x0800ad9c   0x0800ad9c   0x00000264   Code   RO         5506    i.UserSendGps       user-app.o
    0x0800b000   0x0800b000   0x00000214   Code   RO         5507    i.UserSendSensor    user-app.o
    0x0800b214   0x0800b214   0x000000bc   Code   RO         5509    i.UserSetHeart      user-app.o
    0x0800b2d0   0x0800b2d0   0x00000024   Code   RO         5511    i.UserWakupWdg      user-app.o
    0x0800b2f4   0x0800b2f4   0x00000048   Code   RO         5393    i.WWDG_IRQHandler   stm32l0xx_it.o
    0x0800b33c   0x0800b33c   0x00000024   Code   RO         5615    i.WakeupZetaDisable  zeta.o
    0x0800b360   0x0800b360   0x00000024   Code   RO         5616    i.WakeupZetaEnable  zeta.o
    0x0800b384   0x0800b384   0x00000150   Code   RO         5617    i.ZetaDownCommand   zeta.o
    0x0800b4d4   0x0800b4d4   0x000000cc   Code   RO         5618    i.ZetaInit          zeta.o
    0x0800b5a0   0x0800b5a0   0x00000028   Code   RO         5619    i.ZetaInterrupt     zeta.o
    0x0800b5c8   0x0800b5c8   0x00000012   Code   RO         5620    i.ZetaPowerOff      zeta.o
    0x0800b5da   0x0800b5da   0x00000010   Code   RO         5621    i.ZetaPowerOn       zeta.o
    0x0800b5ea   0x0800b5ea   0x00000002   PAD
    0x0800b5ec   0x0800b5ec   0x00000288   Code   RO         5622    i.ZetaRecv          zeta.o
    0x0800b874   0x0800b874   0x00000024   Code   RO         5623    i.ZetaSend          zeta.o
    0x0800b898   0x0800b898   0x00000010   Code   RO         5624    i.ZetaStatus        zeta.o
    0x0800b8a8   0x0800b8a8   0x00000020   Code   RO         5042    i._12VPowerOff      rs485.o
    0x0800b8c8   0x0800b8c8   0x00000020   Code   RO         5043    i._12VPowerOn       rs485.o
    0x0800b8e8   0x0800b8e8   0x00000020   Code   RO         5959    i.__0printf         mc_p.l(printfa.o)
    0x0800b908   0x0800b908   0x0000002e   Code   RO         6049    i.__ARM_clz         mf_p.l(depilogue.o)
    0x0800b936   0x0800b936   0x00000030   Code   RO         3758    i.__ARM_common_ll_muluu  stm32l0xx_hal_uart.o
    0x0800b966   0x0800b966   0x0000001c   Code   RO         3383    i.__ARM_common_switch8  stm32l0xx_hal_tim.o
    0x0800b982   0x0800b982   0x0000000e   Code   RO         6068    i.__scatterload_copy  mc_p.l(handlers.o)
    0x0800b990   0x0800b990   0x00000002   Code   RO         6069    i.__scatterload_null  mc_p.l(handlers.o)
    0x0800b992   0x0800b992   0x0000000e   Code   RO         6070    i.__scatterload_zeroinit  mc_p.l(handlers.o)
    0x0800b9a0   0x0800b9a0   0x00000174   Code   RO         5966    i._fp_digits        mc_p.l(printfa.o)
    0x0800bb14   0x0800bb14   0x000006ec   Code   RO         5967    i._printf_core      mc_p.l(printfa.o)
    0x0800c200   0x0800c200   0x00000020   Code   RO         5968    i._printf_post_padding  mc_p.l(printfa.o)
    0x0800c220   0x0800c220   0x0000002c   Code   RO         5969    i._printf_pre_padding  mc_p.l(printfa.o)
    0x0800c24c   0x0800c24c   0x0000001c   Code   RO         4145    i.fputc             usart.o
    0x0800c268   0x0800c268   0x000000c4   Code   RO         5351    i.main              main.o
    0x0800c32c   0x0800c32c   0x00000018   Code   RO         5044    i.memcpy1           rs485.o
    0x0800c344   0x0800c344   0x00000021   Data   RO           14    .constdata          system_stm32l0xx.o
    0x0800c365   0x0800c365   0x00000003   PAD
    0x0800c368   0x0800c368   0x00000050   Data   RO         5236    .constdata          gps.o
    0x0800c3b8   0x0800c3b8   0x00000073   Data   RO         5394    .constdata          stm32l0xx_it.o
    0x0800c42b   0x0800c42b   0x00000001   PAD
    0x0800c42c   0x0800c42c   0x0000003a   Data   RO         5626    .constdata          zeta.o
    0x0800c466   0x0800c466   0x00000040   Data   RO         6064    .constdata          mc_p.l(ctype_c.o)
    0x0800c4a6   0x0800c4a6   0x00000002   PAD
    0x0800c4a8   0x0800c4a8   0x00000096   Data   RO         4147    .conststring        usart.o
    0x0800c53e   0x0800c53e   0x00000002   PAD
    0x0800c540   0x0800c540   0x00000052   Data   RO         4528    .conststring        power.o
    0x0800c592   0x0800c592   0x00000002   PAD
    0x0800c594   0x0800c594   0x00000827   Data   RO         5136    .conststring        sensor.o
    0x0800cdbb   0x0800cdbb   0x00000001   PAD
    0x0800cdbc   0x0800cdbc   0x00000045   Data   RO         5237    .conststring        gps.o
    0x0800ce01   0x0800ce01   0x00000003   PAD
    0x0800ce04   0x0800ce04   0x00000043   Data   RO         5352    .conststring        main.o
    0x0800ce47   0x0800ce47   0x00000001   PAD
    0x0800ce48   0x0800ce48   0x000000dd   Data   RO         5513    .conststring        user-app.o
    0x0800cf25   0x0800cf25   0x00000003   PAD
    0x0800cf28   0x0800cf28   0x00000042   Data   RO         5627    .conststring        zeta.o
    0x0800cf6a   0x0800cf6a   0x00000002   PAD
    0x0800cf6c   0x0800cf6c   0x00000020   Data   RO         6066    Region$$Table       anon$$obj.o


    Execution Region RW_IRAM1 (Exec base: 0x20000000, Load base: 0x0800cf8c, Size: 0x00002460, Max: 0x00005000, ABSOLUTE, COMPRESSED[0x0000015c])

    Exec Addr    Load Addr    Size         Type   Attr      Idx    E Section Name        Object

    0x20000000   COMPRESSED   0x00000004   Data   RW           15    .data               system_stm32l0xx.o
    0x20000004   COMPRESSED   0x00000004   Data   RW          249    .data               stm32l0xx_hal.o
    0x20000008   COMPRESSED   0x00000001   Data   RW         4584    .data               led.o
    0x20000009   COMPRESSED   0x00000001   PAD
    0x2000000a   COMPRESSED   0x00000002   Data   RW         4664    .data               wwdg.o
    0x2000000c   COMPRESSED   0x00000001   Data   RW         4902    .data               board.o
    0x2000000d   COMPRESSED   0x00000003   PAD
    0x20000010   COMPRESSED   0x00000744   Data   RW         5137    .data               sensor.o
    0x20000754   COMPRESSED   0x00000054   Data   RW         5238    .data               gps.o
    0x200007a8   COMPRESSED   0x00000008   Data   RW         5395    .data               stm32l0xx_it.o
    0x200007b0   COMPRESSED   0x00000040   Data   RW         5514    .data               user-app.o
    0x200007f0   COMPRESSED   0x00000090   Data   RW         5628    .data               zeta.o
    0x20000880   COMPRESSED   0x00000004   Data   RW         6031    .data               mc_p.l(stdout.o)
    0x20000884        -       0x00000018   Zero   RW          922    .bss                stm32l0xx_hal_flash.o
    0x2000089c        -       0x00000a40   Zero   RW         4146    .bss                usart.o
    0x200012dc        -       0x00000024   Zero   RW         4310    .bss                rtc-board.o
    0x20001300        -       0x00000060   Zero   RW         4462    .bss                adc.o
    0x20001360        -       0x00000014   Zero   RW         4663    .bss                wwdg.o
    0x20001374        -       0x00000038   Zero   RW         4702    .bss                timer-board.o
    0x200013ac        -       0x000000d8   Zero   RW         4743    .bss                spi.o
    0x20001484        -       0x000000a4   Zero   RW         5045    .bss                rs485.o
    0x20001528        -       0x00000a60   Zero   RW         5135    .bss                sensor.o
    0x20001f88        -       0x000000a6   Zero   RW         5235    .bss                gps.o
    0x2000202e   COMPRESSED   0x00000002   PAD
    0x20002030        -       0x0000002d   Zero   RW         5512    .bss                user-app.o
    0x2000205d   COMPRESSED   0x00000003   PAD
    0x20002060        -       0x00000400   Zero   RW            1    STACK               startup_stm32l073xx.o


==============================================================================

Image component sizes


      Code (inc. data)   RO Data    RW Data    ZI Data      Debug   Object Name

       340         34          0          0         96       2846   adc.o
      1060         80          0          1          0       3331   board.o
       248         60          0          0          0       1973   gpio-board.o
      2020        294        149         84        166       9877   gps.o
       374         46          0          1          0       5840   led.o
       216         24         67          0          0       1043   main.o
       828        266         82          0          0       3288   power.o
      1060        252          0          0        164       8637   rs485.o
       720        144          0          0         36       3094   rtc-board.o
      8364        496       2087       1860       2656      17108   sensor.o
       264         50          0          0        216       2268   spi.o
        28          8        192          0       1024        728   startup_stm32l073xx.o
       168         30          0          4          0       4772   stm32l0xx_hal.o
      1810         52          0          0          0       7940   stm32l0xx_hal_adc.o
       216          0          0          0          0       1414   stm32l0xx_hal_adc_ex.o
       344         44          0          0          0      13264   stm32l0xx_hal_cortex.o
      1522         20          0          0          0       4182   stm32l0xx_hal_dma.o
       596         56          0          0         24       3855   stm32l0xx_hal_flash.o
       192         22          0          0          0       1751   stm32l0xx_hal_flash_ex.o
       870         68          0          0          0       4657   stm32l0xx_hal_gpio.o
        92         14          0          0          0       1109   stm32l0xx_hal_pwr.o
        40          8          0          0          0        985   stm32l0xx_hal_pwr_ex.o
      2716        116          0          0          0       6640   stm32l0xx_hal_rcc.o
      1592         54          0          0          0       2897   stm32l0xx_hal_rcc_ex.o
      2236         48          0          0          0       9228   stm32l0xx_hal_rtc.o
       212          0          0          0          0       2873   stm32l0xx_hal_rtc_ex.o
      1374          0          0          0          0       3934   stm32l0xx_hal_spi.o
      1168         18          0          0          0       9105   stm32l0xx_hal_tim.o
        98          0          0          0          0       1040   stm32l0xx_hal_tim_ex.o
      3602         86          0          0          0      17682   stm32l0xx_hal_uart.o
         2          0          0          0          0        864   stm32l0xx_hal_uart_ex.o
        66          0          0          0          0       1960   stm32l0xx_hal_wwdg.o
       834        210        115          8          0       8326   stm32l0xx_it.o
       816         82          0          0          0       5617   stmflash.o
       104         16         33          4          0     450659   system_stm32l0xx.o
       172         18          0          0         56       2178   timer-board.o
      1752        316        150          0       2624       8740   usart.o
      3784        956        221         64         45      10179   user-app.o
       156         14          0          0          0       2374   user_spi_flash.o
         0          0          0          2         20        252   wwdg.o
      1448        214        124        144          0       8037   zeta.o

    ----------------------------------------------------------------------
     43550       4216       3270       2176       7132     656547   Object Totals
         0          0         32          0          0          0   (incl. Generated)
        46          0         18          4          5          0   (incl. Padding)

    ----------------------------------------------------------------------

      Code (inc. data)   RO Data    RW Data    ZI Data      Debug   Library Member Name

        60         10          0          0          0         84   __0sscanf.o
        86          0          0          0          0          0   __dczerorl2.o
        30          0          0          0          0         60   _chval.o
       824         12          0          0          0         84   _scanf.o
       330          0          0          0          0         84   _scanf_int.o
        68          0          0          0          0         76   _sgetc.o
        36          4         64          0          0         60   ctype_c.o
         0          0          0          0          0          0   entry.o
         0          0          0          0          0          0   entry10a.o
         0          0          0          0          0          0   entry11a.o
         8          4          0          0          0          0   entry2.o
         4          0          0          0          0          0   entry5.o
         0          0          0          0          0          0   entry7b.o
         0          0          0          0          0          0   entry8b.o
         8          4          0          0          0          0   entry9a.o
        30          0          0          0          0          0   handlers.o
        40          0          0          0          0         72   idiv.o
        36          8          0          0          0         68   init.o
        14          0          0          0          0         68   isspace_c.o
         0          0          0          0          0          0   iusefp.o
        32          0          0          0          0         68   llshl.o
        38          0          0          0          0         68   llsshr.o
        34          0          0          0          0         68   llushr.o
        36          0          0          0          0         60   memcpya.o
        36          0          0          0          0        100   memseta.o
      2252         98          0          0          0        412   printfa.o
        44          8          0          0          0         84   scanf_char.o
         0          0          0          4          0          0   stdout.o
        28          0          0          0          0         68   strcmp.o
        14          0          0          0          0         60   strlen.o
        40          0          0          0          0         72   strstr.o
        44          0          0          0          0         72   uidiv.o
        96          0          0          0          0         84   uldiv.o
        20          0          0          0          0         60   uread4.o
        18          0          0          0          0         60   uwrite4.o
        40          2          0          0          0         68   cdrcmple.o
       356          4          0          0          0        140   dadd.o
       240          6          0          0          0         84   ddiv.o
       236          0          0          0          0        216   depilogue.o
        60         10          0          0          0         68   dfixui.o
        64         10          0          0          0         68   dfixul.o
        28          4          0          0          0         68   dfltui.o
       208          6          0          0          0         88   dmul.o
        40          0          0          0          0         60   f2d.o
       178          0          0          0          0        108   fadd.o
       124          0          0          0          0         72   fdiv.o
       130          0          0          0          0        144   fepilogue.o
        50          0          0          0          0         60   ffixi.o
        40          0          0          0          0         60   ffixui.o
        14          0          0          0          0         68   ffltui.o
       122          0          0          0          0         72   fmul.o

    ----------------------------------------------------------------------
      6246        190         66          4          0       3436   Library Totals
        10          0          2          0          0          0   (incl. Padding)

    ----------------------------------------------------------------------

      Code (inc. data)   RO Data    RW Data    ZI Data      Debug   Library Name

      4306        148         64          4          0       1992   mc_p.l
      1930         42          0          0          0       1444   mf_p.l

    ----------------------------------------------------------------------
      6246        190         66          4          0       3436   Library Totals

    ----------------------------------------------------------------------

==============================================================================


      Code (inc. data)   RO Data    RW Data    ZI Data      Debug   

     49796       4406       3336       2180       7132     647043   Grand Totals
     49796       4406       3336        348       7132     647043   ELF Image Totals (compressed)
     49796       4406       3336        348          0          0   ROM Totals

==============================================================================

    Total RO  Size (Code + RO Data)                53132 (  51.89kB)
    Total RW  Size (RW Data + ZI Data)              9312 (   9.09kB)
    Total ROM Size (Code + RO Data + RW Data)      53480 (  52.23kB)

==============================================================================

